Archive member included because of file (symbol)

/Users/cesleemontgomery/Library/Application Support/Pebble SDK/SDKs/current/sdk-core/pebble/basalt/lib/libpebble.a(tmpgdaLU3pebble.o)
                              src/simply/simply_accel.c.17.o (accel_data_service_unsubscribe)
/usr/local/Cellar/pebble-toolchain/2.0/arm-cs-tools/bin/../lib/gcc/arm-none-eabi/4.7.2/thumb2/libgcc.a(_aeabi_ldivmod.o)
                              src/simply/simply_menu.c.17.o (__aeabi_ldivmod)
/usr/local/Cellar/pebble-toolchain/2.0/arm-cs-tools/bin/../lib/gcc/arm-none-eabi/4.7.2/thumb2/libgcc.a(bpabi.o)
                              /usr/local/Cellar/pebble-toolchain/2.0/arm-cs-tools/bin/../lib/gcc/arm-none-eabi/4.7.2/thumb2/libgcc.a(_aeabi_ldivmod.o) (__gnu_ldivmod_helper)
/usr/local/Cellar/pebble-toolchain/2.0/arm-cs-tools/bin/../lib/gcc/arm-none-eabi/4.7.2/thumb2/libgcc.a(_dvmd_tls.o)
                              /usr/local/Cellar/pebble-toolchain/2.0/arm-cs-tools/bin/../lib/gcc/arm-none-eabi/4.7.2/thumb2/libgcc.a(_aeabi_ldivmod.o) (__aeabi_ldiv0)
/usr/local/Cellar/pebble-toolchain/2.0/arm-cs-tools/bin/../lib/gcc/arm-none-eabi/4.7.2/thumb2/libgcc.a(_divdi3.o)
                              /usr/local/Cellar/pebble-toolchain/2.0/arm-cs-tools/bin/../lib/gcc/arm-none-eabi/4.7.2/thumb2/libgcc.a(bpabi.o) (__divdi3)
/usr/local/Cellar/pebble-toolchain/2.0/arm-cs-tools/bin/../lib/gcc/arm-none-eabi/4.7.2/thumb2/libgcc.a(_udivdi3.o)
                              /usr/local/Cellar/pebble-toolchain/2.0/arm-cs-tools/bin/../lib/gcc/arm-none-eabi/4.7.2/thumb2/libgcc.a(bpabi.o) (__udivdi3)
/usr/local/Cellar/pebble-toolchain/2.0/arm-cs-tools/bin/../lib/gcc/arm-none-eabi/4.7.2/thumb2/libgcc.a(_udivsi3.o)
                              /usr/local/Cellar/pebble-toolchain/2.0/arm-cs-tools/bin/../lib/gcc/arm-none-eabi/4.7.2/thumb2/libgcc.a(_divdi3.o) (__aeabi_uidiv)

Discarded input sections

 .text          0x0000000000000000        0x0 /usr/local/Cellar/pebble-toolchain/2.0/arm-cs-tools/bin/../lib/gcc/arm-none-eabi/4.7.2/thumb2/crti.o
 .bss           0x0000000000000000        0x0 /usr/local/Cellar/pebble-toolchain/2.0/arm-cs-tools/bin/../lib/gcc/arm-none-eabi/4.7.2/thumb2/crti.o
 .init          0x0000000000000000        0x4 /usr/local/Cellar/pebble-toolchain/2.0/arm-cs-tools/bin/../lib/gcc/arm-none-eabi/4.7.2/thumb2/crti.o
 .fini          0x0000000000000000        0x4 /usr/local/Cellar/pebble-toolchain/2.0/arm-cs-tools/bin/../lib/gcc/arm-none-eabi/4.7.2/thumb2/crti.o
 .text          0x0000000000000000       0xc8 /usr/local/Cellar/pebble-toolchain/2.0/arm-cs-tools/bin/../lib/gcc/arm-none-eabi/4.7.2/thumb2/crtbegin.o
 .bss           0x0000000000000000       0x1c /usr/local/Cellar/pebble-toolchain/2.0/arm-cs-tools/bin/../lib/gcc/arm-none-eabi/4.7.2/thumb2/crtbegin.o
 .init_array    0x0000000000000000        0x4 /usr/local/Cellar/pebble-toolchain/2.0/arm-cs-tools/bin/../lib/gcc/arm-none-eabi/4.7.2/thumb2/crtbegin.o
 .fini_array    0x0000000000000000        0x4 /usr/local/Cellar/pebble-toolchain/2.0/arm-cs-tools/bin/../lib/gcc/arm-none-eabi/4.7.2/thumb2/crtbegin.o
 .eh_frame      0x0000000000000000        0x0 /usr/local/Cellar/pebble-toolchain/2.0/arm-cs-tools/bin/../lib/gcc/arm-none-eabi/4.7.2/thumb2/crtbegin.o
 .jcr           0x0000000000000000        0x0 /usr/local/Cellar/pebble-toolchain/2.0/arm-cs-tools/bin/../lib/gcc/arm-none-eabi/4.7.2/thumb2/crtbegin.o
 .tm_clone_table
                0x0000000000000000        0x0 /usr/local/Cellar/pebble-toolchain/2.0/arm-cs-tools/bin/../lib/gcc/arm-none-eabi/4.7.2/thumb2/crtbegin.o
 .text          0x0000000000000000        0x0 src/main.c.17.o
 .bss           0x0000000000000000        0x0 src/main.c.17.o
 .text          0x0000000000000000        0x0 src/simply/simply.c.17.o
 .bss           0x0000000000000000        0x0 src/simply/simply.c.17.o
 .text          0x0000000000000000        0x0 src/simply/simply_accel.c.17.o
 .bss           0x0000000000000000        0x0 src/simply/simply_accel.c.17.o
 .text          0x0000000000000000        0x0 src/simply/simply_menu.c.17.o
 .bss           0x0000000000000000        0x0 src/simply/simply_menu.c.17.o
 .text          0x0000000000000000        0x0 src/simply/simply_msg.c.17.o
 .bss           0x0000000000000000        0x0 src/simply/simply_msg.c.17.o
 .text          0x0000000000000000        0x0 src/simply/simply_res.c.17.o
 .bss           0x0000000000000000        0x0 src/simply/simply_res.c.17.o
 .text.id_filter
                0x0000000000000000        0xa src/simply/simply_res.c.17.o
 .text.simply_res_remove_image
                0x0000000000000000       0x18 src/simply/simply_res.c.17.o
 .text          0x0000000000000000        0x0 src/simply/simply_splash.c.17.o
 .bss           0x0000000000000000        0x0 src/simply/simply_splash.c.17.o
 .text          0x0000000000000000        0x0 src/simply/simply_stage.c.17.o
 .bss           0x0000000000000000        0x0 src/simply/simply_stage.c.17.o
 .text.id_filter
[...]
Memory Configuration

Name             Origin             Length             Attributes
APP              0x0000000000000000 0x0000000000010000 xrw
*default*        0x0000000000000000 0xffffffffffffffff

Linker script and memory map

LOAD /usr/local/Cellar/pebble-toolchain/2.0/arm-cs-tools/bin/../lib/gcc/arm-none-eabi/4.7.2/thumb2/crti.o
LOAD /usr/local/Cellar/pebble-toolchain/2.0/arm-cs-tools/bin/../lib/gcc/arm-none-eabi/4.7.2/thumb2/crtbegin.o
LOAD src/main.c.17.o
LOAD src/simply/simply.c.17.o
LOAD src/simply/simply_accel.c.17.o
LOAD src/simply/simply_menu.c.17.o
LOAD src/simply/simply_msg.c.17.o
LOAD src/simply/simply_res.c.17.o
LOAD src/simply/simply_splash.c.17.o
LOAD src/simply/simply_stage.c.17.o
LOAD src/simply/simply_ui.c.17.o
LOAD src/simply/simply_voice.c.17.o
LOAD src/simply/simply_wakeup.c.17.o
LOAD src/simply/simply_window.c.17.o
LOAD src/simply/simply_window_stack.c.17.o
LOAD basalt/appinfo.auto.c.17.o
LOAD /Users/cesleemontgomery/Library/Application Support/Pebble SDK/SDKs/current/sdk-core/pebble/basalt/lib/libpebble.a
START GROUP
LOAD /usr/local/Cellar/pebble-toolchain/2.0/arm-cs-tools/bin/../lib/gcc/arm-none-eabi/4.7.2/thumb2/libgcc.a
LOAD /usr/local/Cellar/pebble-toolchain/2.0/arm-cs-tools/bin/../lib/gcc/arm-none-eabi/4.7.2/../../../../arm-none-eabi/lib/thumb2/libc.a
END GROUP
LOAD /usr/local/Cellar/pebble-toolchain/2.0/arm-cs-tools/bin/../lib/gcc/arm-none-eabi/4.7.2/thumb2/crtend.o
LOAD /usr/local/Cellar/pebble-toolchain/2.0/arm-cs-tools/bin/../lib/gcc/arm-none-eabi/4.7.2/thumb2/crtn.o

.header         0x0000000000000000       0x82
 *(.pbl_header)
 .pbl_header    0x0000000000000000       0x82 basalt/appinfo.auto.c.17.o
                0x0000000000000000                __pbl_app_info

.note.gnu.build-id
                0x0000000000000082       0x26
                0x0000000000000082                PROVIDE (BUILD_ID, .)
 *(.note.gnu.build-id)
 *fill*         0x0000000000000082        0x2 
 .note.gnu.build-id
                0x0000000000000084       0x24 linker stubs

.text           0x00000000000000a8     0x414c
 *(.text)
 .text          0x00000000000000a8       0x14 /Users/cesleemontgomery/Library/Application Support/Pebble SDK/SDKs/current/sdk-core/pebble/basalt/lib/libpebble.a(tmpgdaLU3pebble.o)
 .text          0x00000000000000bc       0x38 /usr/local/Cellar/pebble-toolchain/2.0/arm-cs-tools/bin/../lib/gcc/arm-none-eabi/4.7.2/thumb2/libgcc.a(_aeabi_ldivmod.o)
                0x00000000000000bc                __aeabi_ldivmod
 .text          0x00000000000000f4       0x60 /usr/local/Cellar/pebble-toolchain/2.0/arm-cs-tools/bin/../lib/gcc/arm-none-eabi/4.7.2/thumb2/libgcc.a(bpabi.o)
                0x00000000000000f4                __gnu_ldivmod_helper
                0x0000000000000124                __gnu_uldivmod_helper
 .text          0x0000000000000154        0x4 /usr/local/Cellar/pebble-toolchain/2.0/arm-cs-tools/bin/../lib/gcc/arm-none-eabi/4.7.2/thumb2/libgcc.a(_dvmd_tls.o)
                0x0000000000000154                __aeabi_ldiv0
                0x0000000000000154                __aeabi_idiv0
 .text          0x0000000000000158      0x36c /usr/local/Cellar/pebble-toolchain/2.0/arm-cs-tools/bin/../lib/gcc/arm-none-eabi/4.7.2/thumb2/libgcc.a(_divdi3.o)
                0x0000000000000158                __divdi3
 .text          0x00000000000004c4      0x314 /usr/local/Cellar/pebble-toolchain/2.0/arm-cs-tools/bin/../lib/gcc/arm-none-eabi/4.7.2/thumb2/libgcc.a(_udivdi3.o)
                0x00000000000004c4                __udivdi3
 .text          0x00000000000007d8      0x278 /usr/local/Cellar/pebble-toolchain/2.0/arm-cs-tools/bin/../lib/gcc/arm-none-eabi/4.7.2/thumb2/libgcc.a(_udivsi3.o)
                0x00000000000007d8                __udivsi3
                0x00000000000007d8                __aeabi_uidiv
                0x0000000000000a34                __aeabi_uidivmod
 *(.text.*)
 .text.startup.main
                0x0000000000000a50       0x16 src/main.c.17.o
                0x0000000000000a50                main
 .text.simply_init
                0x0000000000000a66       0x64 src/simply/simply.c.17.o
                0x0000000000000a66                simply_init
 .text.simply_deinit
                0x0000000000000aca       0x3e src/simply/simply.c.17.o
                0x0000000000000aca                simply_deinit
 .text.handle_accel_tap
                0x0000000000000b08       0x1e src/simply/simply_accel.c.17.o
 .text.send_accel_data.isra.1
                0x0000000000000b26       0x4a src/simply/simply_accel.c.17.o
 .text.handle_accel_data
                0x0000000000000b70        0x6 src/simply/simply_accel.c.17.o
 *fill*         0x0000000000000b76        0x2 
 .text.accel_peek_timer_callback
                0x0000000000000b78       0x40 src/simply/simply_accel.c.17.o
 .text.simply_accel_handle_packet
                0x0000000000000bb8       0x6c src/simply/simply_accel.c.17.o
                0x0000000000000bb8                simply_accel_handle_packet
 .text.simply_accel_create
                0x0000000000000c24       0x38 src/simply/simply_accel.c.17.o
                0x0000000000000c24                simply_accel_create
 .text.simply_accel_destroy
                0x0000000000000c5c       0x20 src/simply/simply_accel.c.17.o
                0x0000000000000c5c                simply_accel_destroy
 .text.list1_remove
                0x0000000000000c7c       0x32 src/simply/simply_menu.c.17.o
 .text.prv_section_filter
                0x0000000000000cae        0xc src/simply/simply_menu.c.17.o
 .text.prv_item_filter
                0x0000000000000cba       0x1a src/simply/simply_menu.c.17.o
 .text.prv_request_item_filter
                0x0000000000000cd4        0xc src/simply/simply_menu.c.17.o
 .text.prv_menu_get_num_sections_callback
                0x0000000000000ce0        0x4 src/simply/simply_menu.c.17.o
 .text.prv_destroy_section
                0x0000000000000ce4       0x30 src/simply/simply_menu.c.17.o
 .text.prv_destroy_item
                0x0000000000000d14       0x30 src/simply/simply_menu.c.17.o
 .text.prv_menu_window_unload
                0x0000000000000d44       0x1c src/simply/simply_menu.c.17.o
 .text.prv_reload_data
                0x0000000000000d60        0xa src/simply/simply_menu.c.17.o
 .text.simply_menu_clear
                0x0000000000000d6a       0x28 src/simply/simply_menu.c.17.o
 .text.prv_menu_window_disappear
                0x0000000000000d92       0x22 src/simply/simply_menu.c.17.o
 .text.prv_menu_window_appear
                0x0000000000000db4        0xe src/simply/simply_menu.c.17.o
 .text.prv_single_click_handler
                0x0000000000000dc2       0x1a src/simply/simply_menu.c.17.o
 .text.gpoint_polar
                0x0000000000000ddc       0x34 src/simply/simply_menu.c.17.o
 .text.prv_mark_dirty
                0x0000000000000e10       0x14 src/simply/simply_menu.c.17.o
 .text.strdup2  0x0000000000000e24       0x28 src/simply/simply_menu.c.17.o
 .text.prv_menu_window_load
                0x0000000000000e4c       0xf0 src/simply/simply_menu.c.17.o
 .text.list1_find_prev.constprop.8
                0x0000000000000f3c       0x1c src/simply/simply_menu.c.17.o
 .text.prv_click_config_provider
                0x0000000000000f58       0x24 src/simply/simply_menu.c.17.o
 .text.prv_add_item
                0x0000000000000f7c       0x58 src/simply/simply_menu.c.17.o
 .text.prv_get_menu_section
                0x0000000000000fd4       0x10 src/simply/simply_menu.c.17.o
 .text.prv_menu_get_num_rows_callback
                0x0000000000000fe4       0x12 src/simply/simply_menu.c.17.o
 *fill*         0x0000000000000ff6        0x2 
 .text.prv_menu_get_header_height_callback
                0x0000000000000ff8       0x24 src/simply/simply_menu.c.17.o
 .text.refresh_spinner_timer
                0x000000000000101c       0x2c src/simply/simply_menu.c.17.o
 .text.spinner_timer_callback
                0x0000000000001048       0x16 src/simply/simply_menu.c.17.o
 .text.prv_menu_select_long_click_callback
                0x000000000000105e       0x22 src/simply/simply_menu.c.17.o
 .text.prv_menu_select_click_callback
                0x0000000000001080       0x22 src/simply/simply_menu.c.17.o
 *fill*         0x00000000000010a2        0x2 
 .text.prv_add_section
                0x00000000000010a4       0x50 src/simply/simply_menu.c.17.o
 .text.prv_request_menu_section.part.2
                0x00000000000010f4       0x3e src/simply/simply_menu.c.17.o
 *fill*         0x0000000000001132        0x2 
 .text.prv_menu_draw_row_callback
                0x0000000000001134      0x274 src/simply/simply_menu.c.17.o
 .text.prv_menu_draw_header_callback
                0x00000000000013a8       0xb4 src/simply/simply_menu.c.17.o
 .text.simply_menu_handle_packet
                0x000000000000145c      0x1dc src/simply/simply_menu.c.17.o
                0x000000000000145c                simply_menu_handle_packet
 .text.simply_menu_create
                0x0000000000001638       0x40 src/simply/simply_menu.c.17.o
                0x0000000000001638                simply_menu_create
 .text.simply_menu_destroy
                0x0000000000001678       0x16 src/simply/simply_menu.c.17.o
                0x0000000000001678                simply_menu_destroy
 .text.list1_remove
                0x000000000000168e       0x32 src/simply/simply_msg.c.17.o
 .text.dropped_callback
                0x00000000000016c0        0x2 src/simply/simply_msg.c.17.o
 .text.sent_callback
                0x00000000000016c2        0x2 src/simply/simply_msg.c.17.o
 .text.send_msg
                0x00000000000016c4       0x30 src/simply/simply_msg.c.17.o
 .text.handle_packet
                0x00000000000016f4      0x19a src/simply/simply_msg.c.17.o
 *fill*         0x000000000000188e        0x2 
 .text.received_callback
                0x0000000000001890       0x38 src/simply/simply_msg.c.17.o
 .text.send_msg_retry
                0x00000000000018c8       0xb8 src/simply/simply_msg.c.17.o
 .text.simply_msg_has_communicated
                0x0000000000001980        0xc src/simply/simply_msg.c.17.o
                0x0000000000001980                simply_msg_has_communicated
 .text.simply_msg_show_disconnected
                0x000000000000198c       0x58 src/simply/simply_msg.c.17.o
                0x000000000000198c                simply_msg_show_disconnected
 .text.failed_callback
                0x00000000000019e4       0x18 src/simply/simply_msg.c.17.o
 .text.simply_msg_create
                0x00000000000019fc       0x6c src/simply/simply_msg.c.17.o
                0x00000000000019fc                simply_msg_create
 .text.simply_msg_destroy
                0x0000000000001a68       0x1c src/simply/simply_msg.c.17.o
                0x0000000000001a68                simply_msg_destroy
 .text.simply_msg_send
                0x0000000000001a84        0x4 src/simply/simply_msg.c.17.o
                0x0000000000001a84                simply_msg_send
 .text.simply_msg_send_packet
                0x0000000000001a88       0x84 src/simply/simply_msg.c.17.o
                0x0000000000001a88                simply_msg_send_packet
 .text.list1_remove
                0x0000000000001b0c       0x32 src/simply/simply_res.c.17.o
 .text.destroy_image
                0x0000000000001b3e       0x22 src/simply/simply_res.c.17.o
 .text.window_stack_schedule_top_window_render
                0x0000000000001b60       0x12 src/simply/simply_res.c.17.o
 .text.setup_image
                0x0000000000001b72       0x6a src/simply/simply_res.c.17.o
 .text.create_bitmap_with_png_data
                0x0000000000001bdc        0xc src/simply/simply_res.c.17.o
 .text.create_bitmap_with_id
                0x0000000000001be8       0x12 src/simply/simply_res.c.17.o
 .text.simply_res_evict_image
                0x0000000000001bfa       0x1a src/simply/simply_res.c.17.o
                0x0000000000001bfa                simply_res_evict_image
 .text.create_image
                0x0000000000001c14       0x50 src/simply/simply_res.c.17.o
 .text.simply_res_add_bundled_image
                0x0000000000001c64       0x28 src/simply/simply_res.c.17.o
                0x0000000000001c64                simply_res_add_bundled_image
 .text.simply_res_add_image
                0x0000000000001c8c       0x64 src/simply/simply_res.c.17.o
                0x0000000000001c8c                simply_res_add_image
 .text.simply_res_auto_image
                0x0000000000001cf0       0x42 src/simply/simply_res.c.17.o
                0x0000000000001cf0                simply_res_auto_image
 .text.simply_res_add_custom_font
                0x0000000000001d32       0x3e src/simply/simply_res.c.17.o
                0x0000000000001d32                simply_res_add_custom_font
 .text.simply_res_auto_font
                0x0000000000001d70       0x2a src/simply/simply_res.c.17.o
                0x0000000000001d70                simply_res_auto_font
 .text.simply_res_clear
                0x0000000000001d9a       0x34 src/simply/simply_res.c.17.o
                0x0000000000001d9a                simply_res_clear
 .text.simply_res_create
                0x0000000000001dce       0x2a src/simply/simply_res.c.17.o
                0x0000000000001dce                simply_res_create
 .text.simply_res_destroy
                0x0000000000001df8       0x12 src/simply/simply_res.c.17.o
                0x0000000000001df8                simply_res_destroy
 .text.window_load
                0x0000000000001e0a       0x12 src/simply/simply_splash.c.17.o
 .text.layer_update_callback
                0x0000000000001e1c       0x24 src/simply/simply_splash.c.17.o
                0x0000000000001e1c                layer_update_callback
 .text.simply_splash_create
                0x0000000000001e40       0x78 src/simply/simply_splash.c.17.o
                0x0000000000001e40                simply_splash_create
 .text.simply_splash_destroy
                0x0000000000001eb8       0x20 src/simply/simply_splash.c.17.o
                0x0000000000001eb8                simply_splash_destroy
 .text.window_disappear
                0x0000000000001ed8       0x1a src/simply/simply_splash.c.17.o
 .text.list1_remove
                0x0000000000001ef2       0x32 src/simply/simply_stage.c.17.o
 .text.element_frame_getter
                0x0000000000001f24       0x10 src/simply/simply_stage.c.17.o
 .text.window_unload
                0x0000000000001f34       0x1e src/simply/simply_stage.c.17.o
 .text.destroy_animation
                0x0000000000001f52       0x24 src/simply/simply_stage.c.17.o
 *fill*         0x0000000000001f76        0x2 
 .text.simply_stage_update_ticker
                0x0000000000001f78       0x2c src/simply/simply_stage.c.17.o
 .text.simply_stage_clear
                0x0000000000001fa4       0x52 src/simply/simply_stage.c.17.o
 .text.window_disappear
                0x0000000000001ff6       0x22 src/simply/simply_stage.c.17.o
 .text.handle_tick
                0x0000000000002018       0x12 src/simply/simply_stage.c.17.o
 .text.simply_stage_update
                0x000000000000202a        0xa src/simply/simply_stage.c.17.o
 .text.window_appear
                0x0000000000002034       0x16 src/simply/simply_stage.c.17.o
 *fill*         0x000000000000204a        0x2 
 .text.window_load
                0x000000000000204c       0x58 src/simply/simply_stage.c.17.o
 .text.malloc0  0x00000000000020a4       0x18 src/simply/simply_stage.c.17.o
 .text.simply_stage_remove_element
                0x00000000000020bc       0x24 src/simply/simply_stage.c.17.o
 .text.rect_element_draw_background.isra.1.part.2
                0x00000000000020e0       0x20 src/simply/simply_stage.c.17.o
 .text.rect_element_draw_border.isra.3.part.4
                0x0000000000002100       0x20 src/simply/simply_stage.c.17.o
 .text.simply_stage_set_element_frame.isra.9
                0x0000000000002120       0x32 src/simply/simply_stage.c.17.o
 .text.element_frame_setter
                0x0000000000002152       0x1e src/simply/simply_stage.c.17.o
 .text.layer_update_callback
                0x0000000000002170      0x2cc src/simply/simply_stage.c.17.o
 .text.simply_stage_auto_element
                0x000000000000243c       0x88 src/simply/simply_stage.c.17.o
 .text.animation_stopped
                0x00000000000024c4       0x34 src/simply/simply_stage.c.17.o
 .text.simply_stage_handle_packet
                0x00000000000024f8      0x288 src/simply/simply_stage.c.17.o
                0x00000000000024f8                simply_stage_handle_packet
 .text.simply_stage_create
                0x0000000000002780       0x38 src/simply/simply_stage.c.17.o
                0x0000000000002780                simply_stage_create
 .text.simply_stage_destroy
                0x00000000000027b8       0x16 src/simply/simply_stage.c.17.o
                0x00000000000027b8                simply_stage_destroy
 .text.window_unload
                0x00000000000027ce       0x1e src/simply/simply_ui.c.17.o
 .text.window_disappear
                0x00000000000027ec       0x1c src/simply/simply_ui.c.17.o
 .text.window_appear
                0x0000000000002808        0xe src/simply/simply_ui.c.17.o
 .text.graphics_draw_bitmap_centered
                0x0000000000002816       0x62 src/simply/simply_ui.c.17.o
 .text.mark_dirty
                0x0000000000002878        0xa src/simply/simply_ui.c.17.o
 .text.show_welcome_text
                0x0000000000002882       0x18 src/simply/simply_ui.c.17.o
 *fill*         0x000000000000289a        0x2 
 .text.layer_update_callback
                0x000000000000289c      0x4d0 src/simply/simply_ui.c.17.o
 .text.simply_ui_set_style
                0x0000000000002d6c       0x3c src/simply/simply_ui.c.17.o
                0x0000000000002d6c                simply_ui_set_style
 .text.window_load
                0x0000000000002da8       0x60 src/simply/simply_ui.c.17.o
 .text.simply_ui_set_text
                0x0000000000002e08       0x5c src/simply/simply_ui.c.17.o
                0x0000000000002e08                simply_ui_set_text
 .text.simply_ui_set_text_color
                0x0000000000002e64        0xc src/simply/simply_ui.c.17.o
                0x0000000000002e64                simply_ui_set_text_color
 .text.simply_ui_clear
                0x0000000000002e70       0x4a src/simply/simply_ui.c.17.o
                0x0000000000002e70                simply_ui_clear
 .text.simply_ui_handle_packet
                0x0000000000002eba       0x70 src/simply/simply_ui.c.17.o
                0x0000000000002eba                simply_ui_handle_packet
 *fill*         0x0000000000002f2a        0x2 
 .text.simply_ui_create
                0x0000000000002f2c       0x48 src/simply/simply_ui.c.17.o
                0x0000000000002f2c                simply_ui_create
 .text.simply_ui_destroy
                0x0000000000002f74       0x2a src/simply/simply_ui.c.17.o
                0x0000000000002f74                simply_ui_destroy
 *fill*         0x0000000000002f9e        0x2 
 .text.send_voice_data
                0x0000000000002fa0       0x5c src/simply/simply_voice.c.17.o
 .text.dictation_session_callback
                0x0000000000002ffc       0x18 src/simply/simply_voice.c.17.o
 .text.timer_callback_start_dictation
                0x0000000000003014       0x10 src/simply/simply_voice.c.17.o
 .text.simply_voice_handle_packet
                0x0000000000003024       0x6c src/simply/simply_voice.c.17.o
                0x0000000000003024                simply_voice_handle_packet
 .text.simply_voice_create
                0x0000000000003090       0x3c src/simply/simply_voice.c.17.o
                0x0000000000003090                simply_voice_create
 .text.simply_voice_destroy
                0x00000000000030cc       0x18 src/simply/simply_voice.c.17.o
                0x00000000000030cc                simply_voice_destroy
 .text.simply_voice_dictation_in_progress
                0x00000000000030e4       0x10 src/simply/simply_voice.c.17.o
                0x00000000000030e4                simply_voice_dictation_in_progress
 .text.wakeup_handler
                0x00000000000030f4       0x1c src/simply/simply_wakeup.c.17.o
 .text.wakeup_set_timer_callback
                0x0000000000003110       0x20 src/simply/simply_wakeup.c.17.o
 .text.simply_wakeup_handle_packet
                0x0000000000003130       0xac src/simply/simply_wakeup.c.17.o
                0x0000000000003130                simply_wakeup_handle_packet
 .text.simply_wakeup_init
                0x00000000000031dc        0xc src/simply/simply_wakeup.c.17.o
                0x00000000000031dc                simply_wakeup_init
 .text.prv_update_layer_placement
                0x00000000000031e8       0x9a src/simply/simply_window.c.17.o
 .text.simply_window_single_click_handler
                0x0000000000003282       0x5c src/simply/simply_window.c.17.o
                0x0000000000003282                simply_window_single_click_handler
 *fill*         0x00000000000032de        0x2 
 .text.scroll_layer_set_click_config_provider_onto_window.constprop.5
                0x00000000000032e0       0x30 src/simply/simply_window.c.17.o
 .text.click_config_provider
                0x0000000000003310       0x7c src/simply/simply_window.c.17.o
 .text.long_click_handler
                0x000000000000338c       0x32 src/simply/simply_window.c.17.o
 .text.simply_window_set_scrollable
                0x00000000000033be       0x80 src/simply/simply_window.c.17.o
                0x00000000000033be                simply_window_set_scrollable
 .text.simply_window_set_status_bar
                0x000000000000343e       0x44 src/simply/simply_window.c.17.o
                0x000000000000343e                simply_window_set_status_bar
 .text.simply_window_set_background_color
                0x0000000000003482       0x26 src/simply/simply_window.c.17.o
                0x0000000000003482                simply_window_set_background_color
 .text.simply_window_set_status_bar_colors
                0x00000000000034a8        0xa src/simply/simply_window.c.17.o
                0x00000000000034a8                simply_window_set_status_bar_colors
 .text.simply_window_set_status_bar_separator_mode
                0x00000000000034b2        0xa src/simply/simply_window.c.17.o
                0x00000000000034b2                simply_window_set_status_bar_separator_mode
 .text.simply_window_set_action_bar
                0x00000000000034bc       0x54 src/simply/simply_window.c.17.o
                0x00000000000034bc                simply_window_set_action_bar
 .text.simply_window_set_action_bar_icon
                0x0000000000003510       0x58 src/simply/simply_window.c.17.o
                0x0000000000003510                simply_window_set_action_bar_icon
 .text.simply_window_set_action_bar_background_color
                0x0000000000003568       0x38 src/simply/simply_window.c.17.o
                0x0000000000003568                simply_window_set_action_bar_background_color
 .text.simply_window_action_bar_clear
                0x00000000000035a0       0x2c src/simply/simply_window.c.17.o
                0x00000000000035a0                simply_window_action_bar_clear
 .text.simply_window_preload
                0x00000000000035cc       0x30 src/simply/simply_window.c.17.o
                0x00000000000035cc                simply_window_preload
 .text.simply_window_load
                0x00000000000035fc       0x9c src/simply/simply_window.c.17.o
                0x00000000000035fc                simply_window_load
 .text.simply_window_appear
                0x0000000000003698       0x1c src/simply/simply_window.c.17.o
                0x0000000000003698                simply_window_appear
 .text.simply_window_disappear
                0x00000000000036b4       0x30 src/simply/simply_window.c.17.o
                0x00000000000036b4                simply_window_disappear
 .text.simply_window_unload
                0x00000000000036e4       0x32 src/simply/simply_window.c.17.o
                0x00000000000036e4                simply_window_unload
 .text.simply_window_handle_packet
                0x0000000000003716       0xac src/simply/simply_window.c.17.o
                0x0000000000003716                simply_window_handle_packet
 .text.simply_window_init
                0x00000000000037c2       0x26 src/simply/simply_window.c.17.o
                0x00000000000037c2                simply_window_init
 .text.simply_window_deinit
                0x00000000000037e8       0x12 src/simply/simply_window.c.17.o
                0x00000000000037e8                simply_window_deinit
 .text.show_window_sdk_3.isra.4
                0x00000000000037fa       0x52 src/simply/simply_window_stack.c.17.o
 .text.simply_window_stack_set_broadcast
                0x000000000000384c       0x10 src/simply/simply_window_stack.c.17.o
                0x000000000000384c                simply_window_stack_set_broadcast
 .text.simply_window_stack_get_top_window
                0x000000000000385c       0x20 src/simply/simply_window_stack.c.17.o
                0x000000000000385c                simply_window_stack_get_top_window
 .text.simply_window_stack_show
                0x000000000000387c        0x4 src/simply/simply_window_stack.c.17.o
                0x000000000000387c                simply_window_stack_show
 .text.simply_window_stack_pop
                0x0000000000003880       0x26 src/simply/simply_window_stack.c.17.o
                0x0000000000003880                simply_window_stack_pop
 *fill*         0x00000000000038a6        0x2 
 .text.simply_window_stack_send_show
                0x00000000000038a8       0x30 src/simply/simply_window_stack.c.17.o
                0x00000000000038a8                simply_window_stack_send_show
 .text.simply_window_stack_send_hide
                0x00000000000038d8       0x30 src/simply/simply_window_stack.c.17.o
                0x00000000000038d8                simply_window_stack_send_hide
 .text.simply_window_stack_back
                0x0000000000003908       0x1a src/simply/simply_window_stack.c.17.o
                0x0000000000003908                simply_window_stack_back
 .text.simply_window_stack_handle_packet
                0x0000000000003922       0x4a src/simply/simply_window_stack.c.17.o
                0x0000000000003922                simply_window_stack_handle_packet
 .text.simply_window_stack_create
                0x000000000000396c       0x12 src/simply/simply_window_stack.c.17.o
                0x000000000000396c                simply_window_stack_create
 .text.simply_window_stack_destroy
                0x000000000000397e        0x8 src/simply/simply_window_stack.c.17.o
                0x000000000000397e                simply_window_stack_destroy
 *fill*         0x0000000000003986        0x2 
 .text.accel_data_service_unsubscribe
                0x0000000000003988        0xc /Users/cesleemontgomery/Library/Application Support/Pebble SDK/SDKs/current/sdk-core/pebble/basalt/lib/libpebble.a(tmpgdaLU3pebble.o)
                0x0000000000003988                accel_data_service_unsubscribe
 .text.accel_service_peek
                0x0000000000003994        0xc /Users/cesleemontgomery/Library/Application Support/Pebble SDK/SDKs/current/sdk-core/pebble/basalt/lib/libpebble.a(tmpgdaLU3pebble.o)
                0x0000000000003994                accel_service_peek
 .text.accel_service_set_sampling_rate
                0x00000000000039a0        0xc /Users/cesleemontgomery/Library/Application Support/Pebble SDK/SDKs/current/sdk-core/pebble/basalt/lib/libpebble.a(tmpgdaLU3pebble.o)
                0x00000000000039a0                accel_service_set_sampling_rate
 .text.accel_tap_service_subscribe
                0x00000000000039ac        0xc /Users/cesleemontgomery/Library/Application Support/Pebble SDK/SDKs/current/sdk-core/pebble/basalt/lib/libpebble.a(tmpgdaLU3pebble.o)
                0x00000000000039ac                accel_tap_service_subscribe
 .text.accel_tap_service_unsubscribe
                0x00000000000039b8        0xc /Users/cesleemontgomery/Library/Application Support/Pebble SDK/SDKs/current/sdk-core/pebble/basalt/lib/libpebble.a(tmpgdaLU3pebble.o)
                0x00000000000039b8                accel_tap_service_unsubscribe
 .text.app_event_loop
                0x00000000000039c4        0xc /Users/cesleemontgomery/Library/Application Support/Pebble SDK/SDKs/current/sdk-core/pebble/basalt/lib/libpebble.a(tmpgdaLU3pebble.o)
                0x00000000000039c4                app_event_loop
 .text.app_message_deregister_callbacks
                0x00000000000039d0        0xc /Users/cesleemontgomery/Library/Application Support/Pebble SDK/SDKs/current/sdk-core/pebble/basalt/lib/libpebble.a(tmpgdaLU3pebble.o)
                0x00000000000039d0                app_message_deregister_callbacks
 .text.app_message_open
                0x00000000000039dc        0xc /Users/cesleemontgomery/Library/Application Support/Pebble SDK/SDKs/current/sdk-core/pebble/basalt/lib/libpebble.a(tmpgdaLU3pebble.o)
                0x00000000000039dc                app_message_open
 .text.app_timer_cancel
                0x00000000000039e8        0xc /Users/cesleemontgomery/Library/Application Support/Pebble SDK/SDKs/current/sdk-core/pebble/basalt/lib/libpebble.a(tmpgdaLU3pebble.o)
                0x00000000000039e8                app_timer_cancel
 .text.app_timer_register
                0x00000000000039f4        0xc /Users/cesleemontgomery/Library/Application Support/Pebble SDK/SDKs/current/sdk-core/pebble/basalt/lib/libpebble.a(tmpgdaLU3pebble.o)
                0x00000000000039f4                app_timer_register
 .text.click_recognizer_get_button_id
                0x0000000000003a00        0xc /Users/cesleemontgomery/Library/Application Support/Pebble SDK/SDKs/current/sdk-core/pebble/basalt/lib/libpebble.a(tmpgdaLU3pebble.o)
                0x0000000000003a00                click_recognizer_get_button_id
 .text.cos_lookup
                0x0000000000003a0c        0xc /Users/cesleemontgomery/Library/Application Support/Pebble SDK/SDKs/current/sdk-core/pebble/basalt/lib/libpebble.a(tmpgdaLU3pebble.o)
                0x0000000000003a0c                cos_lookup
 .text.dict_find
                0x0000000000003a18        0xc /Users/cesleemontgomery/Library/Application Support/Pebble SDK/SDKs/current/sdk-core/pebble/basalt/lib/libpebble.a(tmpgdaLU3pebble.o)
                0x0000000000003a18                dict_find
 .text.dict_write_data
                0x0000000000003a24        0xc /Users/cesleemontgomery/Library/Application Support/Pebble SDK/SDKs/current/sdk-core/pebble/basalt/lib/libpebble.a(tmpgdaLU3pebble.o)
                0x0000000000003a24                dict_write_data
 .text.fonts_get_system_font
                0x0000000000003a30        0xc /Users/cesleemontgomery/Library/Application Support/Pebble SDK/SDKs/current/sdk-core/pebble/basalt/lib/libpebble.a(tmpgdaLU3pebble.o)
                0x0000000000003a30                fonts_get_system_font
 .text.fonts_load_custom_font
                0x0000000000003a3c        0xc /Users/cesleemontgomery/Library/Application Support/Pebble SDK/SDKs/current/sdk-core/pebble/basalt/lib/libpebble.a(tmpgdaLU3pebble.o)
                0x0000000000003a3c                fonts_load_custom_font
 .text.fonts_unload_custom_font
                0x0000000000003a48        0xc /Users/cesleemontgomery/Library/Application Support/Pebble SDK/SDKs/current/sdk-core/pebble/basalt/lib/libpebble.a(tmpgdaLU3pebble.o)
                0x0000000000003a48                fonts_unload_custom_font
 .text.free     0x0000000000003a54        0xc /Users/cesleemontgomery/Library/Application Support/Pebble SDK/SDKs/current/sdk-core/pebble/basalt/lib/libpebble.a(tmpgdaLU3pebble.o)
                0x0000000000003a54                free
 .text.gbitmap_create_with_resource
                0x0000000000003a60        0xc /Users/cesleemontgomery/Library/Application Support/Pebble SDK/SDKs/current/sdk-core/pebble/basalt/lib/libpebble.a(tmpgdaLU3pebble.o)
                0x0000000000003a60                gbitmap_create_with_resource
 .text.gbitmap_destroy
                0x0000000000003a6c        0xc /Users/cesleemontgomery/Library/Application Support/Pebble SDK/SDKs/current/sdk-core/pebble/basalt/lib/libpebble.a(tmpgdaLU3pebble.o)
                0x0000000000003a6c                gbitmap_destroy
 .text.graphics_context_set_compositing_mode
                0x0000000000003a78        0xc /Users/cesleemontgomery/Library/Application Support/Pebble SDK/SDKs/current/sdk-core/pebble/basalt/lib/libpebble.a(tmpgdaLU3pebble.o)
                0x0000000000003a78                graphics_context_set_compositing_mode
 .text.graphics_draw_bitmap_in_rect
                0x0000000000003a84        0xc /Users/cesleemontgomery/Library/Application Support/Pebble SDK/SDKs/current/sdk-core/pebble/basalt/lib/libpebble.a(tmpgdaLU3pebble.o)
                0x0000000000003a84                graphics_draw_bitmap_in_rect
 .text.graphics_draw_circle
                0x0000000000003a90        0xc /Users/cesleemontgomery/Library/Application Support/Pebble SDK/SDKs/current/sdk-core/pebble/basalt/lib/libpebble.a(tmpgdaLU3pebble.o)
                0x0000000000003a90                graphics_draw_circle
 .text.graphics_draw_line
                0x0000000000003a9c        0xc /Users/cesleemontgomery/Library/Application Support/Pebble SDK/SDKs/current/sdk-core/pebble/basalt/lib/libpebble.a(tmpgdaLU3pebble.o)
                0x0000000000003a9c                graphics_draw_line
 .text.graphics_draw_round_rect
                0x0000000000003aa8        0xc /Users/cesleemontgomery/Library/Application Support/Pebble SDK/SDKs/current/sdk-core/pebble/basalt/lib/libpebble.a(tmpgdaLU3pebble.o)
                0x0000000000003aa8                graphics_draw_round_rect
 .text.graphics_fill_circle
                0x0000000000003ab4        0xc /Users/cesleemontgomery/Library/Application Support/Pebble SDK/SDKs/current/sdk-core/pebble/basalt/lib/libpebble.a(tmpgdaLU3pebble.o)
                0x0000000000003ab4                graphics_fill_circle
 .text.graphics_fill_rect
                0x0000000000003ac0        0xc /Users/cesleemontgomery/Library/Application Support/Pebble SDK/SDKs/current/sdk-core/pebble/basalt/lib/libpebble.a(tmpgdaLU3pebble.o)
                0x0000000000003ac0                graphics_fill_rect
 .text.grect_center_point
                0x0000000000003acc        0xc /Users/cesleemontgomery/Library/Application Support/Pebble SDK/SDKs/current/sdk-core/pebble/basalt/lib/libpebble.a(tmpgdaLU3pebble.o)
                0x0000000000003acc                grect_center_point
 .text.grect_standardize
                0x0000000000003ad8        0xc /Users/cesleemontgomery/Library/Application Support/Pebble SDK/SDKs/current/sdk-core/pebble/basalt/lib/libpebble.a(tmpgdaLU3pebble.o)
                0x0000000000003ad8                grect_standardize
 .text.inverter_layer_create
                0x0000000000003ae4        0xc /Users/cesleemontgomery/Library/Application Support/Pebble SDK/SDKs/current/sdk-core/pebble/basalt/lib/libpebble.a(tmpgdaLU3pebble.o)
                0x0000000000003ae4                inverter_layer_create
 .text.inverter_layer_destroy
                0x0000000000003af0        0xc /Users/cesleemontgomery/Library/Application Support/Pebble SDK/SDKs/current/sdk-core/pebble/basalt/lib/libpebble.a(tmpgdaLU3pebble.o)
                0x0000000000003af0                inverter_layer_destroy
 .text.inverter_layer_get_layer
                0x0000000000003afc        0xc /Users/cesleemontgomery/Library/Application Support/Pebble SDK/SDKs/current/sdk-core/pebble/basalt/lib/libpebble.a(tmpgdaLU3pebble.o)
                0x0000000000003afc                inverter_layer_get_layer
 .text.layer_add_child
                0x0000000000003b08        0xc /Users/cesleemontgomery/Library/Application Support/Pebble SDK/SDKs/current/sdk-core/pebble/basalt/lib/libpebble.a(tmpgdaLU3pebble.o)
                0x0000000000003b08                layer_add_child
 .text.layer_create_with_data
                0x0000000000003b14        0xc /Users/cesleemontgomery/Library/Application Support/Pebble SDK/SDKs/current/sdk-core/pebble/basalt/lib/libpebble.a(tmpgdaLU3pebble.o)
                0x0000000000003b14                layer_create_with_data
 .text.layer_destroy
                0x0000000000003b20        0xc /Users/cesleemontgomery/Library/Application Support/Pebble SDK/SDKs/current/sdk-core/pebble/basalt/lib/libpebble.a(tmpgdaLU3pebble.o)
                0x0000000000003b20                layer_destroy
 .text.layer_get_bounds
                0x0000000000003b2c        0xc /Users/cesleemontgomery/Library/Application Support/Pebble SDK/SDKs/current/sdk-core/pebble/basalt/lib/libpebble.a(tmpgdaLU3pebble.o)
                0x0000000000003b2c                layer_get_bounds
 .text.layer_get_data
                0x0000000000003b38        0xc /Users/cesleemontgomery/Library/Application Support/Pebble SDK/SDKs/current/sdk-core/pebble/basalt/lib/libpebble.a(tmpgdaLU3pebble.o)
                0x0000000000003b38                layer_get_data
 .text.layer_get_frame
                0x0000000000003b44        0xc /Users/cesleemontgomery/Library/Application Support/Pebble SDK/SDKs/current/sdk-core/pebble/basalt/lib/libpebble.a(tmpgdaLU3pebble.o)
                0x0000000000003b44                layer_get_frame
 .text.layer_get_window
                0x0000000000003b50        0xc /Users/cesleemontgomery/Library/Application Support/Pebble SDK/SDKs/current/sdk-core/pebble/basalt/lib/libpebble.a(tmpgdaLU3pebble.o)
                0x0000000000003b50                layer_get_window
 .text.layer_mark_dirty
                0x0000000000003b5c        0xc /Users/cesleemontgomery/Library/Application Support/Pebble SDK/SDKs/current/sdk-core/pebble/basalt/lib/libpebble.a(tmpgdaLU3pebble.o)
                0x0000000000003b5c                layer_mark_dirty
 .text.layer_remove_from_parent
                0x0000000000003b68        0xc /Users/cesleemontgomery/Library/Application Support/Pebble SDK/SDKs/current/sdk-core/pebble/basalt/lib/libpebble.a(tmpgdaLU3pebble.o)
                0x0000000000003b68                layer_remove_from_parent
 .text.layer_set_bounds
                0x0000000000003b74        0xc /Users/cesleemontgomery/Library/Application Support/Pebble SDK/SDKs/current/sdk-core/pebble/basalt/lib/libpebble.a(tmpgdaLU3pebble.o)
                0x0000000000003b74                layer_set_bounds
 .text.layer_set_frame
                0x0000000000003b80        0xc /Users/cesleemontgomery/Library/Application Support/Pebble SDK/SDKs/current/sdk-core/pebble/basalt/lib/libpebble.a(tmpgdaLU3pebble.o)
                0x0000000000003b80                layer_set_frame
 .text.layer_set_update_proc
                0x0000000000003b8c        0xc /Users/cesleemontgomery/Library/Application Support/Pebble SDK/SDKs/current/sdk-core/pebble/basalt/lib/libpebble.a(tmpgdaLU3pebble.o)
                0x0000000000003b8c                layer_set_update_proc
 .text.light_enable
                0x0000000000003b98        0xc /Users/cesleemontgomery/Library/Application Support/Pebble SDK/SDKs/current/sdk-core/pebble/basalt/lib/libpebble.a(tmpgdaLU3pebble.o)
                0x0000000000003b98                light_enable
 .text.light_enable_interaction
                0x0000000000003ba4        0xc /Users/cesleemontgomery/Library/Application Support/Pebble SDK/SDKs/current/sdk-core/pebble/basalt/lib/libpebble.a(tmpgdaLU3pebble.o)
                0x0000000000003ba4                light_enable_interaction
 .text.malloc   0x0000000000003bb0        0xc /Users/cesleemontgomery/Library/Application Support/Pebble SDK/SDKs/current/sdk-core/pebble/basalt/lib/libpebble.a(tmpgdaLU3pebble.o)
                0x0000000000003bb0                malloc
 .text.memcpy   0x0000000000003bbc        0xc /Users/cesleemontgomery/Library/Application Support/Pebble SDK/SDKs/current/sdk-core/pebble/basalt/lib/libpebble.a(tmpgdaLU3pebble.o)
                0x0000000000003bbc                memcpy
 .text.memset   0x0000000000003bc8        0xc /Users/cesleemontgomery/Library/Application Support/Pebble SDK/SDKs/current/sdk-core/pebble/basalt/lib/libpebble.a(tmpgdaLU3pebble.o)
                0x0000000000003bc8                memset
 .text.menu_cell_basic_draw
                0x0000000000003bd4        0xc /Users/cesleemontgomery/Library/Application Support/Pebble SDK/SDKs/current/sdk-core/pebble/basalt/lib/libpebble.a(tmpgdaLU3pebble.o)
                0x0000000000003bd4                menu_cell_basic_draw
 .text.menu_layer_destroy
                0x0000000000003be0        0xc /Users/cesleemontgomery/Library/Application Support/Pebble SDK/SDKs/current/sdk-core/pebble/basalt/lib/libpebble.a(tmpgdaLU3pebble.o)
                0x0000000000003be0                menu_layer_destroy
 .text.menu_layer_get_layer
                0x0000000000003bec        0xc /Users/cesleemontgomery/Library/Application Support/Pebble SDK/SDKs/current/sdk-core/pebble/basalt/lib/libpebble.a(tmpgdaLU3pebble.o)
                0x0000000000003bec                menu_layer_get_layer
 .text.menu_layer_get_selected_index
                0x0000000000003bf8        0xc /Users/cesleemontgomery/Library/Application Support/Pebble SDK/SDKs/current/sdk-core/pebble/basalt/lib/libpebble.a(tmpgdaLU3pebble.o)
                0x0000000000003bf8                menu_layer_get_selected_index
 .text.menu_layer_reload_data
                0x0000000000003c04        0xc /Users/cesleemontgomery/Library/Application Support/Pebble SDK/SDKs/current/sdk-core/pebble/basalt/lib/libpebble.a(tmpgdaLU3pebble.o)
                0x0000000000003c04                menu_layer_reload_data
 .text.menu_layer_set_click_config_onto_window
                0x0000000000003c10        0xc /Users/cesleemontgomery/Library/Application Support/Pebble SDK/SDKs/current/sdk-core/pebble/basalt/lib/libpebble.a(tmpgdaLU3pebble.o)
                0x0000000000003c10                menu_layer_set_click_config_onto_window
 .text.menu_layer_set_selected_index
                0x0000000000003c1c        0xc /Users/cesleemontgomery/Library/Application Support/Pebble SDK/SDKs/current/sdk-core/pebble/basalt/lib/libpebble.a(tmpgdaLU3pebble.o)
                0x0000000000003c1c                menu_layer_set_selected_index
 .text.resource_get_handle
                0x0000000000003c28        0xc /Users/cesleemontgomery/Library/Application Support/Pebble SDK/SDKs/current/sdk-core/pebble/basalt/lib/libpebble.a(tmpgdaLU3pebble.o)
                0x0000000000003c28                resource_get_handle
 .text.scroll_layer_add_child
                0x0000000000003c34        0xc /Users/cesleemontgomery/Library/Application Support/Pebble SDK/SDKs/current/sdk-core/pebble/basalt/lib/libpebble.a(tmpgdaLU3pebble.o)
                0x0000000000003c34                scroll_layer_add_child
 .text.scroll_layer_create
                0x0000000000003c40        0xc /Users/cesleemontgomery/Library/Application Support/Pebble SDK/SDKs/current/sdk-core/pebble/basalt/lib/libpebble.a(tmpgdaLU3pebble.o)
                0x0000000000003c40                scroll_layer_create
 .text.scroll_layer_destroy
                0x0000000000003c4c        0xc /Users/cesleemontgomery/Library/Application Support/Pebble SDK/SDKs/current/sdk-core/pebble/basalt/lib/libpebble.a(tmpgdaLU3pebble.o)
                0x0000000000003c4c                scroll_layer_destroy
 .text.scroll_layer_get_content_offset
                0x0000000000003c58        0xc /Users/cesleemontgomery/Library/Application Support/Pebble SDK/SDKs/current/sdk-core/pebble/basalt/lib/libpebble.a(tmpgdaLU3pebble.o)
                0x0000000000003c58                scroll_layer_get_content_offset
 .text.scroll_layer_get_layer
                0x0000000000003c64        0xc /Users/cesleemontgomery/Library/Application Support/Pebble SDK/SDKs/current/sdk-core/pebble/basalt/lib/libpebble.a(tmpgdaLU3pebble.o)
                0x0000000000003c64                scroll_layer_get_layer
 .text.scroll_layer_set_click_config_onto_window
                0x0000000000003c70        0xc /Users/cesleemontgomery/Library/Application Support/Pebble SDK/SDKs/current/sdk-core/pebble/basalt/lib/libpebble.a(tmpgdaLU3pebble.o)
                0x0000000000003c70                scroll_layer_set_click_config_onto_window
 .text.scroll_layer_set_content_offset
                0x0000000000003c7c        0xc /Users/cesleemontgomery/Library/Application Support/Pebble SDK/SDKs/current/sdk-core/pebble/basalt/lib/libpebble.a(tmpgdaLU3pebble.o)
                0x0000000000003c7c                scroll_layer_set_content_offset
 .text.scroll_layer_set_content_size
                0x0000000000003c88        0xc /Users/cesleemontgomery/Library/Application Support/Pebble SDK/SDKs/current/sdk-core/pebble/basalt/lib/libpebble.a(tmpgdaLU3pebble.o)
                0x0000000000003c88                scroll_layer_set_content_size
 .text.scroll_layer_set_context
                0x0000000000003c94        0xc /Users/cesleemontgomery/Library/Application Support/Pebble SDK/SDKs/current/sdk-core/pebble/basalt/lib/libpebble.a(tmpgdaLU3pebble.o)
                0x0000000000003c94                scroll_layer_set_context
 .text.scroll_layer_set_shadow_hidden
                0x0000000000003ca0        0xc /Users/cesleemontgomery/Library/Application Support/Pebble SDK/SDKs/current/sdk-core/pebble/basalt/lib/libpebble.a(tmpgdaLU3pebble.o)
                0x0000000000003ca0                scroll_layer_set_shadow_hidden
 .text.sin_lookup
                0x0000000000003cac        0xc /Users/cesleemontgomery/Library/Application Support/Pebble SDK/SDKs/current/sdk-core/pebble/basalt/lib/libpebble.a(tmpgdaLU3pebble.o)
                0x0000000000003cac                sin_lookup
 .text.strftime
                0x0000000000003cb8        0xc /Users/cesleemontgomery/Library/Application Support/Pebble SDK/SDKs/current/sdk-core/pebble/basalt/lib/libpebble.a(tmpgdaLU3pebble.o)
                0x0000000000003cb8                strftime
 .text.strlen   0x0000000000003cc4        0xc /Users/cesleemontgomery/Library/Application Support/Pebble SDK/SDKs/current/sdk-core/pebble/basalt/lib/libpebble.a(tmpgdaLU3pebble.o)
                0x0000000000003cc4                strlen
 .text.strncpy  0x0000000000003cd0        0xc /Users/cesleemontgomery/Library/Application Support/Pebble SDK/SDKs/current/sdk-core/pebble/basalt/lib/libpebble.a(tmpgdaLU3pebble.o)
                0x0000000000003cd0                strncpy
 .text.tick_timer_service_subscribe
                0x0000000000003cdc        0xc /Users/cesleemontgomery/Library/Application Support/Pebble SDK/SDKs/current/sdk-core/pebble/basalt/lib/libpebble.a(tmpgdaLU3pebble.o)
                0x0000000000003cdc                tick_timer_service_subscribe
 .text.tick_timer_service_unsubscribe
                0x0000000000003ce8        0xc /Users/cesleemontgomery/Library/Application Support/Pebble SDK/SDKs/current/sdk-core/pebble/basalt/lib/libpebble.a(tmpgdaLU3pebble.o)
                0x0000000000003ce8                tick_timer_service_unsubscribe
 .text.vibes_double_pulse
                0x0000000000003cf4        0xc /Users/cesleemontgomery/Library/Application Support/Pebble SDK/SDKs/current/sdk-core/pebble/basalt/lib/libpebble.a(tmpgdaLU3pebble.o)
                0x0000000000003cf4                vibes_double_pulse
 .text.vibes_long_pulse
                0x0000000000003d00        0xc /Users/cesleemontgomery/Library/Application Support/Pebble SDK/SDKs/current/sdk-core/pebble/basalt/lib/libpebble.a(tmpgdaLU3pebble.o)
                0x0000000000003d00                vibes_long_pulse
 .text.vibes_short_pulse
                0x0000000000003d0c        0xc /Users/cesleemontgomery/Library/Application Support/Pebble SDK/SDKs/current/sdk-core/pebble/basalt/lib/libpebble.a(tmpgdaLU3pebble.o)
                0x0000000000003d0c                vibes_short_pulse
 .text.window_create
                0x0000000000003d18        0xc /Users/cesleemontgomery/Library/Application Support/Pebble SDK/SDKs/current/sdk-core/pebble/basalt/lib/libpebble.a(tmpgdaLU3pebble.o)
                0x0000000000003d18                window_create
 .text.window_destroy
                0x0000000000003d24        0xc /Users/cesleemontgomery/Library/Application Support/Pebble SDK/SDKs/current/sdk-core/pebble/basalt/lib/libpebble.a(tmpgdaLU3pebble.o)
                0x0000000000003d24                window_destroy
 .text.window_get_click_config_provider
                0x0000000000003d30        0xc /Users/cesleemontgomery/Library/Application Support/Pebble SDK/SDKs/current/sdk-core/pebble/basalt/lib/libpebble.a(tmpgdaLU3pebble.o)
                0x0000000000003d30                window_get_click_config_provider
 .text.window_get_root_layer
                0x0000000000003d3c        0xc /Users/cesleemontgomery/Library/Application Support/Pebble SDK/SDKs/current/sdk-core/pebble/basalt/lib/libpebble.a(tmpgdaLU3pebble.o)
                0x0000000000003d3c                window_get_root_layer
 .text.window_set_click_config_provider_with_context
                0x0000000000003d48        0xc /Users/cesleemontgomery/Library/Application Support/Pebble SDK/SDKs/current/sdk-core/pebble/basalt/lib/libpebble.a(tmpgdaLU3pebble.o)
                0x0000000000003d48                window_set_click_config_provider_with_context
 .text.window_set_window_handlers
                0x0000000000003d54        0xc /Users/cesleemontgomery/Library/Application Support/Pebble SDK/SDKs/current/sdk-core/pebble/basalt/lib/libpebble.a(tmpgdaLU3pebble.o)
                0x0000000000003d54                window_set_window_handlers
 .text.window_stack_get_top_window
                0x0000000000003d60        0xc /Users/cesleemontgomery/Library/Application Support/Pebble SDK/SDKs/current/sdk-core/pebble/basalt/lib/libpebble.a(tmpgdaLU3pebble.o)
                0x0000000000003d60                window_stack_get_top_window
 .text.window_stack_pop
                0x0000000000003d6c        0xc /Users/cesleemontgomery/Library/Application Support/Pebble SDK/SDKs/current/sdk-core/pebble/basalt/lib/libpebble.a(tmpgdaLU3pebble.o)
                0x0000000000003d6c                window_stack_pop
 .text.window_stack_pop_all
                0x0000000000003d78        0xc /Users/cesleemontgomery/Library/Application Support/Pebble SDK/SDKs/current/sdk-core/pebble/basalt/lib/libpebble.a(tmpgdaLU3pebble.o)
                0x0000000000003d78                window_stack_pop_all
 .text.window_stack_push
                0x0000000000003d84        0xc /Users/cesleemontgomery/Library/Application Support/Pebble SDK/SDKs/current/sdk-core/pebble/basalt/lib/libpebble.a(tmpgdaLU3pebble.o)
                0x0000000000003d84                window_stack_push
 .text.window_stack_remove
                0x0000000000003d90        0xc /Users/cesleemontgomery/Library/Application Support/Pebble SDK/SDKs/current/sdk-core/pebble/basalt/lib/libpebble.a(tmpgdaLU3pebble.o)
                0x0000000000003d90                window_stack_remove
 .text.window_get_user_data
                0x0000000000003d9c        0xc /Users/cesleemontgomery/Library/Application Support/Pebble SDK/SDKs/current/sdk-core/pebble/basalt/lib/libpebble.a(tmpgdaLU3pebble.o)
                0x0000000000003d9c                window_get_user_data
 .text.window_set_user_data
                0x0000000000003da8        0xc /Users/cesleemontgomery/Library/Application Support/Pebble SDK/SDKs/current/sdk-core/pebble/basalt/lib/libpebble.a(tmpgdaLU3pebble.o)
                0x0000000000003da8                window_set_user_data
 .text.app_message_outbox_begin
                0x0000000000003db4        0xc /Users/cesleemontgomery/Library/Application Support/Pebble SDK/SDKs/current/sdk-core/pebble/basalt/lib/libpebble.a(tmpgdaLU3pebble.o)
                0x0000000000003db4                app_message_outbox_begin
 .text.app_message_outbox_send
                0x0000000000003dc0        0xc /Users/cesleemontgomery/Library/Application Support/Pebble SDK/SDKs/current/sdk-core/pebble/basalt/lib/libpebble.a(tmpgdaLU3pebble.o)
                0x0000000000003dc0                app_message_outbox_send
 .text.app_message_register_inbox_dropped
                0x0000000000003dcc        0xc /Users/cesleemontgomery/Library/Application Support/Pebble SDK/SDKs/current/sdk-core/pebble/basalt/lib/libpebble.a(tmpgdaLU3pebble.o)
                0x0000000000003dcc                app_message_register_inbox_dropped
 .text.app_message_register_inbox_received
                0x0000000000003dd8        0xc /Users/cesleemontgomery/Library/Application Support/Pebble SDK/SDKs/current/sdk-core/pebble/basalt/lib/libpebble.a(tmpgdaLU3pebble.o)
                0x0000000000003dd8                app_message_register_inbox_received
 .text.app_message_register_outbox_failed
                0x0000000000003de4        0xc /Users/cesleemontgomery/Library/Application Support/Pebble SDK/SDKs/current/sdk-core/pebble/basalt/lib/libpebble.a(tmpgdaLU3pebble.o)
                0x0000000000003de4                app_message_register_outbox_failed
 .text.app_message_register_outbox_sent
                0x0000000000003df0        0xc /Users/cesleemontgomery/Library/Application Support/Pebble SDK/SDKs/current/sdk-core/pebble/basalt/lib/libpebble.a(tmpgdaLU3pebble.o)
                0x0000000000003df0                app_message_register_outbox_sent
 .text.app_message_set_context
                0x0000000000003dfc        0xc /Users/cesleemontgomery/Library/Application Support/Pebble SDK/SDKs/current/sdk-core/pebble/basalt/lib/libpebble.a(tmpgdaLU3pebble.o)
                0x0000000000003dfc                app_message_set_context
 .text.window_long_click_subscribe
                0x0000000000003e08        0xc /Users/cesleemontgomery/Library/Application Support/Pebble SDK/SDKs/current/sdk-core/pebble/basalt/lib/libpebble.a(tmpgdaLU3pebble.o)
                0x0000000000003e08                window_long_click_subscribe
 .text.window_set_click_context
                0x0000000000003e14        0xc /Users/cesleemontgomery/Library/Application Support/Pebble SDK/SDKs/current/sdk-core/pebble/basalt/lib/libpebble.a(tmpgdaLU3pebble.o)
                0x0000000000003e14                window_set_click_context
 .text.window_single_click_subscribe
                0x0000000000003e20        0xc /Users/cesleemontgomery/Library/Application Support/Pebble SDK/SDKs/current/sdk-core/pebble/basalt/lib/libpebble.a(tmpgdaLU3pebble.o)
                0x0000000000003e20                window_single_click_subscribe
 .text.graphics_draw_text
                0x0000000000003e2c        0xc /Users/cesleemontgomery/Library/Application Support/Pebble SDK/SDKs/current/sdk-core/pebble/basalt/lib/libpebble.a(tmpgdaLU3pebble.o)
                0x0000000000003e2c                graphics_draw_text
 .text.accel_data_service_subscribe
                0x0000000000003e38        0xc /Users/cesleemontgomery/Library/Application Support/Pebble SDK/SDKs/current/sdk-core/pebble/basalt/lib/libpebble.a(tmpgdaLU3pebble.o)
                0x0000000000003e38                accel_data_service_subscribe
 .text.launch_reason
                0x0000000000003e44        0xc /Users/cesleemontgomery/Library/Application Support/Pebble SDK/SDKs/current/sdk-core/pebble/basalt/lib/libpebble.a(tmpgdaLU3pebble.o)
                0x0000000000003e44                launch_reason
 .text.wakeup_cancel
                0x0000000000003e50        0xc /Users/cesleemontgomery/Library/Application Support/Pebble SDK/SDKs/current/sdk-core/pebble/basalt/lib/libpebble.a(tmpgdaLU3pebble.o)
                0x0000000000003e50                wakeup_cancel
 .text.wakeup_cancel_all
                0x0000000000003e5c        0xc /Users/cesleemontgomery/Library/Application Support/Pebble SDK/SDKs/current/sdk-core/pebble/basalt/lib/libpebble.a(tmpgdaLU3pebble.o)
                0x0000000000003e5c                wakeup_cancel_all
 .text.wakeup_get_launch_event
                0x0000000000003e68        0xc /Users/cesleemontgomery/Library/Application Support/Pebble SDK/SDKs/current/sdk-core/pebble/basalt/lib/libpebble.a(tmpgdaLU3pebble.o)
                0x0000000000003e68                wakeup_get_launch_event
 .text.wakeup_schedule
                0x0000000000003e74        0xc /Users/cesleemontgomery/Library/Application Support/Pebble SDK/SDKs/current/sdk-core/pebble/basalt/lib/libpebble.a(tmpgdaLU3pebble.o)
                0x0000000000003e74                wakeup_schedule
 .text.wakeup_service_subscribe
                0x0000000000003e80        0xc /Users/cesleemontgomery/Library/Application Support/Pebble SDK/SDKs/current/sdk-core/pebble/basalt/lib/libpebble.a(tmpgdaLU3pebble.o)
                0x0000000000003e80                wakeup_service_subscribe
 .text.clock_is_timezone_set
                0x0000000000003e8c        0xc /Users/cesleemontgomery/Library/Application Support/Pebble SDK/SDKs/current/sdk-core/pebble/basalt/lib/libpebble.a(tmpgdaLU3pebble.o)
                0x0000000000003e8c                clock_is_timezone_set
 .text.graphics_context_set_fill_color
                0x0000000000003e98        0xc /Users/cesleemontgomery/Library/Application Support/Pebble SDK/SDKs/current/sdk-core/pebble/basalt/lib/libpebble.a(tmpgdaLU3pebble.o)
                0x0000000000003e98                graphics_context_set_fill_color
 .text.graphics_context_set_stroke_color
                0x0000000000003ea4        0xc /Users/cesleemontgomery/Library/Application Support/Pebble SDK/SDKs/current/sdk-core/pebble/basalt/lib/libpebble.a(tmpgdaLU3pebble.o)
                0x0000000000003ea4                graphics_context_set_stroke_color
 .text.graphics_context_set_text_color
                0x0000000000003eb0        0xc /Users/cesleemontgomery/Library/Application Support/Pebble SDK/SDKs/current/sdk-core/pebble/basalt/lib/libpebble.a(tmpgdaLU3pebble.o)
                0x0000000000003eb0                graphics_context_set_text_color
 .text.window_set_background_color
                0x0000000000003ebc        0xc /Users/cesleemontgomery/Library/Application Support/Pebble SDK/SDKs/current/sdk-core/pebble/basalt/lib/libpebble.a(tmpgdaLU3pebble.o)
                0x0000000000003ebc                window_set_background_color
 .text.localtime
                0x0000000000003ec8        0xc /Users/cesleemontgomery/Library/Application Support/Pebble SDK/SDKs/current/sdk-core/pebble/basalt/lib/libpebble.a(tmpgdaLU3pebble.o)
                0x0000000000003ec8                localtime
 .text.animation_destroy
                0x0000000000003ed4        0xc /Users/cesleemontgomery/Library/Application Support/Pebble SDK/SDKs/current/sdk-core/pebble/basalt/lib/libpebble.a(tmpgdaLU3pebble.o)
                0x0000000000003ed4                animation_destroy
 .text.animation_schedule
                0x0000000000003ee0        0xc /Users/cesleemontgomery/Library/Application Support/Pebble SDK/SDKs/current/sdk-core/pebble/basalt/lib/libpebble.a(tmpgdaLU3pebble.o)
                0x0000000000003ee0                animation_schedule
 .text.animation_set_curve
                0x0000000000003eec        0xc /Users/cesleemontgomery/Library/Application Support/Pebble SDK/SDKs/current/sdk-core/pebble/basalt/lib/libpebble.a(tmpgdaLU3pebble.o)
                0x0000000000003eec                animation_set_curve
 .text.animation_set_duration
                0x0000000000003ef8        0xc /Users/cesleemontgomery/Library/Application Support/Pebble SDK/SDKs/current/sdk-core/pebble/basalt/lib/libpebble.a(tmpgdaLU3pebble.o)
                0x0000000000003ef8                animation_set_duration
 .text.animation_set_handlers
                0x0000000000003f04        0xc /Users/cesleemontgomery/Library/Application Support/Pebble SDK/SDKs/current/sdk-core/pebble/basalt/lib/libpebble.a(tmpgdaLU3pebble.o)
                0x0000000000003f04                animation_set_handlers
 .text.animation_unschedule
                0x0000000000003f10        0xc /Users/cesleemontgomery/Library/Application Support/Pebble SDK/SDKs/current/sdk-core/pebble/basalt/lib/libpebble.a(tmpgdaLU3pebble.o)
                0x0000000000003f10                animation_unschedule
 .text.property_animation_create
                0x0000000000003f1c        0xc /Users/cesleemontgomery/Library/Application Support/Pebble SDK/SDKs/current/sdk-core/pebble/basalt/lib/libpebble.a(tmpgdaLU3pebble.o)
                0x0000000000003f1c                property_animation_create
 .text.property_animation_destroy
                0x0000000000003f28        0xc /Users/cesleemontgomery/Library/Application Support/Pebble SDK/SDKs/current/sdk-core/pebble/basalt/lib/libpebble.a(tmpgdaLU3pebble.o)
                0x0000000000003f28                property_animation_destroy
 .text.property_animation_from
                0x0000000000003f34        0xc /Users/cesleemontgomery/Library/Application Support/Pebble SDK/SDKs/current/sdk-core/pebble/basalt/lib/libpebble.a(tmpgdaLU3pebble.o)
                0x0000000000003f34                property_animation_from
 .text.property_animation_to
                0x0000000000003f40        0xc /Users/cesleemontgomery/Library/Application Support/Pebble SDK/SDKs/current/sdk-core/pebble/basalt/lib/libpebble.a(tmpgdaLU3pebble.o)
                0x0000000000003f40                property_animation_to
 .text.property_animation_update_grect
                0x0000000000003f4c        0xc /Users/cesleemontgomery/Library/Application Support/Pebble SDK/SDKs/current/sdk-core/pebble/basalt/lib/libpebble.a(tmpgdaLU3pebble.o)
                0x0000000000003f4c                property_animation_update_grect
 .text.gbitmap_get_bounds
                0x0000000000003f58        0xc /Users/cesleemontgomery/Library/Application Support/Pebble SDK/SDKs/current/sdk-core/pebble/basalt/lib/libpebble.a(tmpgdaLU3pebble.o)
                0x0000000000003f58                gbitmap_get_bounds
 .text.gbitmap_get_format
                0x0000000000003f64        0xc /Users/cesleemontgomery/Library/Application Support/Pebble SDK/SDKs/current/sdk-core/pebble/basalt/lib/libpebble.a(tmpgdaLU3pebble.o)
                0x0000000000003f64                gbitmap_get_format
 .text.gbitmap_get_palette
                0x0000000000003f70        0xc /Users/cesleemontgomery/Library/Application Support/Pebble SDK/SDKs/current/sdk-core/pebble/basalt/lib/libpebble.a(tmpgdaLU3pebble.o)
                0x0000000000003f70                gbitmap_get_palette
 .text.gbitmap_set_palette
                0x0000000000003f7c        0xc /Users/cesleemontgomery/Library/Application Support/Pebble SDK/SDKs/current/sdk-core/pebble/basalt/lib/libpebble.a(tmpgdaLU3pebble.o)
                0x0000000000003f7c                gbitmap_set_palette
 .text.gbitmap_create_from_png_data
                0x0000000000003f88        0xc /Users/cesleemontgomery/Library/Application Support/Pebble SDK/SDKs/current/sdk-core/pebble/basalt/lib/libpebble.a(tmpgdaLU3pebble.o)
                0x0000000000003f88                gbitmap_create_from_png_data
 .text.launch_get_args
                0x0000000000003f94        0xc /Users/cesleemontgomery/Library/Application Support/Pebble SDK/SDKs/current/sdk-core/pebble/basalt/lib/libpebble.a(tmpgdaLU3pebble.o)
                0x0000000000003f94                launch_get_args
 .text.menu_layer_create
                0x0000000000003fa0        0xc /Users/cesleemontgomery/Library/Application Support/Pebble SDK/SDKs/current/sdk-core/pebble/basalt/lib/libpebble.a(tmpgdaLU3pebble.o)
                0x0000000000003fa0                menu_layer_create
 .text.graphics_context_set_antialiased
                0x0000000000003fac        0xc /Users/cesleemontgomery/Library/Application Support/Pebble SDK/SDKs/current/sdk-core/pebble/basalt/lib/libpebble.a(tmpgdaLU3pebble.o)
                0x0000000000003fac                graphics_context_set_antialiased
 .text.action_bar_layer_add_to_window
                0x0000000000003fb8        0xc /Users/cesleemontgomery/Library/Application Support/Pebble SDK/SDKs/current/sdk-core/pebble/basalt/lib/libpebble.a(tmpgdaLU3pebble.o)
                0x0000000000003fb8                action_bar_layer_add_to_window
 .text.action_bar_layer_clear_icon
                0x0000000000003fc4        0xc /Users/cesleemontgomery/Library/Application Support/Pebble SDK/SDKs/current/sdk-core/pebble/basalt/lib/libpebble.a(tmpgdaLU3pebble.o)
                0x0000000000003fc4                action_bar_layer_clear_icon
 .text.action_bar_layer_create
                0x0000000000003fd0        0xc /Users/cesleemontgomery/Library/Application Support/Pebble SDK/SDKs/current/sdk-core/pebble/basalt/lib/libpebble.a(tmpgdaLU3pebble.o)
                0x0000000000003fd0                action_bar_layer_create
 .text.action_bar_layer_destroy
                0x0000000000003fdc        0xc /Users/cesleemontgomery/Library/Application Support/Pebble SDK/SDKs/current/sdk-core/pebble/basalt/lib/libpebble.a(tmpgdaLU3pebble.o)
                0x0000000000003fdc                action_bar_layer_destroy
 .text.action_bar_layer_get_layer
                0x0000000000003fe8        0xc /Users/cesleemontgomery/Library/Application Support/Pebble SDK/SDKs/current/sdk-core/pebble/basalt/lib/libpebble.a(tmpgdaLU3pebble.o)
                0x0000000000003fe8                action_bar_layer_get_layer
 .text.action_bar_layer_remove_from_window
                0x0000000000003ff4        0xc /Users/cesleemontgomery/Library/Application Support/Pebble SDK/SDKs/current/sdk-core/pebble/basalt/lib/libpebble.a(tmpgdaLU3pebble.o)
                0x0000000000003ff4                action_bar_layer_remove_from_window
 .text.action_bar_layer_set_background_color
                0x0000000000004000        0xc /Users/cesleemontgomery/Library/Application Support/Pebble SDK/SDKs/current/sdk-core/pebble/basalt/lib/libpebble.a(tmpgdaLU3pebble.o)
                0x0000000000004000                action_bar_layer_set_background_color
 .text.action_bar_layer_set_click_config_provider
                0x000000000000400c        0xc /Users/cesleemontgomery/Library/Application Support/Pebble SDK/SDKs/current/sdk-core/pebble/basalt/lib/libpebble.a(tmpgdaLU3pebble.o)
                0x000000000000400c                action_bar_layer_set_click_config_provider
 .text.action_bar_layer_set_context
                0x0000000000004018        0xc /Users/cesleemontgomery/Library/Application Support/Pebble SDK/SDKs/current/sdk-core/pebble/basalt/lib/libpebble.a(tmpgdaLU3pebble.o)
                0x0000000000004018                action_bar_layer_set_context
 .text.action_bar_layer_set_icon
                0x0000000000004024        0xc /Users/cesleemontgomery/Library/Application Support/Pebble SDK/SDKs/current/sdk-core/pebble/basalt/lib/libpebble.a(tmpgdaLU3pebble.o)
                0x0000000000004024                action_bar_layer_set_icon
 .text.menu_cell_layer_is_highlighted
                0x0000000000004030        0xc /Users/cesleemontgomery/Library/Application Support/Pebble SDK/SDKs/current/sdk-core/pebble/basalt/lib/libpebble.a(tmpgdaLU3pebble.o)
                0x0000000000004030                menu_cell_layer_is_highlighted
 .text.time     0x000000000000403c        0xc /Users/cesleemontgomery/Library/Application Support/Pebble SDK/SDKs/current/sdk-core/pebble/basalt/lib/libpebble.a(tmpgdaLU3pebble.o)
                0x000000000000403c                time
 .text.menu_layer_set_highlight_colors
                0x0000000000004048        0xc /Users/cesleemontgomery/Library/Application Support/Pebble SDK/SDKs/current/sdk-core/pebble/basalt/lib/libpebble.a(tmpgdaLU3pebble.o)
                0x0000000000004048                menu_layer_set_highlight_colors
 .text.menu_layer_set_normal_colors
                0x0000000000004054        0xc /Users/cesleemontgomery/Library/Application Support/Pebble SDK/SDKs/current/sdk-core/pebble/basalt/lib/libpebble.a(tmpgdaLU3pebble.o)
                0x0000000000004054                menu_layer_set_normal_colors
 .text.menu_layer_set_callbacks
                0x0000000000004060        0xc /Users/cesleemontgomery/Library/Application Support/Pebble SDK/SDKs/current/sdk-core/pebble/basalt/lib/libpebble.a(tmpgdaLU3pebble.o)
                0x0000000000004060                menu_layer_set_callbacks
 .text.status_bar_layer_create
                0x000000000000406c        0xc /Users/cesleemontgomery/Library/Application Support/Pebble SDK/SDKs/current/sdk-core/pebble/basalt/lib/libpebble.a(tmpgdaLU3pebble.o)
                0x000000000000406c                status_bar_layer_create
 .text.status_bar_layer_destroy
                0x0000000000004078        0xc /Users/cesleemontgomery/Library/Application Support/Pebble SDK/SDKs/current/sdk-core/pebble/basalt/lib/libpebble.a(tmpgdaLU3pebble.o)
                0x0000000000004078                status_bar_layer_destroy
 .text.status_bar_layer_get_layer
                0x0000000000004084        0xc /Users/cesleemontgomery/Library/Application Support/Pebble SDK/SDKs/current/sdk-core/pebble/basalt/lib/libpebble.a(tmpgdaLU3pebble.o)
                0x0000000000004084                status_bar_layer_get_layer
 .text.status_bar_layer_set_colors
                0x0000000000004090        0xc /Users/cesleemontgomery/Library/Application Support/Pebble SDK/SDKs/current/sdk-core/pebble/basalt/lib/libpebble.a(tmpgdaLU3pebble.o)
                0x0000000000004090                status_bar_layer_set_colors
 .text.status_bar_layer_set_separator_mode
                0x000000000000409c        0xc /Users/cesleemontgomery/Library/Application Support/Pebble SDK/SDKs/current/sdk-core/pebble/basalt/lib/libpebble.a(tmpgdaLU3pebble.o)
                0x000000000000409c                status_bar_layer_set_separator_mode
 .text.time_ms  0x00000000000040a8        0xc /Users/cesleemontgomery/Library/Application Support/Pebble SDK/SDKs/current/sdk-core/pebble/basalt/lib/libpebble.a(tmpgdaLU3pebble.o)
                0x00000000000040a8                time_ms
 .text.gcolor_legible_over
                0x00000000000040b4        0xc /Users/cesleemontgomery/Library/Application Support/Pebble SDK/SDKs/current/sdk-core/pebble/basalt/lib/libpebble.a(tmpgdaLU3pebble.o)
                0x00000000000040b4                gcolor_legible_over
 .text.dictation_session_create
                0x00000000000040c0        0xc /Users/cesleemontgomery/Library/Application Support/Pebble SDK/SDKs/current/sdk-core/pebble/basalt/lib/libpebble.a(tmpgdaLU3pebble.o)
                0x00000000000040c0                dictation_session_create
 .text.dictation_session_enable_confirmation
                0x00000000000040cc        0xc /Users/cesleemontgomery/Library/Application Support/Pebble SDK/SDKs/current/sdk-core/pebble/basalt/lib/libpebble.a(tmpgdaLU3pebble.o)
                0x00000000000040cc                dictation_session_enable_confirmation
 .text.dictation_session_start
                0x00000000000040d8        0xc /Users/cesleemontgomery/Library/Application Support/Pebble SDK/SDKs/current/sdk-core/pebble/basalt/lib/libpebble.a(tmpgdaLU3pebble.o)
                0x00000000000040d8                dictation_session_start
 .text.dictation_session_stop
                0x00000000000040e4        0xc /Users/cesleemontgomery/Library/Application Support/Pebble SDK/SDKs/current/sdk-core/pebble/basalt/lib/libpebble.a(tmpgdaLU3pebble.o)
                0x00000000000040e4                dictation_session_stop
 .text.graphics_text_attributes_create
                0x00000000000040f0        0xc /Users/cesleemontgomery/Library/Application Support/Pebble SDK/SDKs/current/sdk-core/pebble/basalt/lib/libpebble.a(tmpgdaLU3pebble.o)
                0x00000000000040f0                graphics_text_attributes_create
 .text.graphics_text_attributes_destroy
                0x00000000000040fc        0xc /Users/cesleemontgomery/Library/Application Support/Pebble SDK/SDKs/current/sdk-core/pebble/basalt/lib/libpebble.a(tmpgdaLU3pebble.o)
                0x00000000000040fc                graphics_text_attributes_destroy
 .text.graphics_text_layout_get_content_size_with_attributes
                0x0000000000004108        0xc /Users/cesleemontgomery/Library/Application Support/Pebble SDK/SDKs/current/sdk-core/pebble/basalt/lib/libpebble.a(tmpgdaLU3pebble.o)
                0x0000000000004108                graphics_text_layout_get_content_size_with_attributes
 .text.scroll_layer_set_paging
                0x0000000000004114        0xc /Users/cesleemontgomery/Library/Application Support/Pebble SDK/SDKs/current/sdk-core/pebble/basalt/lib/libpebble.a(tmpgdaLU3pebble.o)
                0x0000000000004114                scroll_layer_set_paging
 *(.rodata)
 *(.rodata*)
 .rodata.str1.1
                0x0000000000004120       0x1b src/simply/simply_menu.c.17.o
                                         0x1c (size before relaxing)
 .rodata.str1.1
                0x000000000000413b       0x26 src/simply/simply_msg.c.17.o
 .rodata.str1.1
                0x0000000000004161       0x16 src/simply/simply_stage.c.17.o
 .rodata.str1.1
                0x0000000000004177       0x7d src/simply/simply_ui.c.17.o
 .rodata.str1.1
                0x0000000000000000        0x1 src/simply/simply_voice.c.17.o

.glue_7         0x00000000000041f4        0x0
 .glue_7        0x0000000000000000        0x0 linker stubs

.glue_7t        0x00000000000041f4        0x0
 .glue_7t       0x0000000000000000        0x0 linker stubs

.vfp11_veneer   0x00000000000041f4        0x0
 .vfp11_veneer  0x0000000000000000        0x0 linker stubs

.v4_bx          0x00000000000041f4        0x0
 .v4_bx         0x0000000000000000        0x0 linker stubs

.iplt           0x00000000000041f4        0x0
 .iplt          0x0000000000000000        0x0 /usr/local/Cellar/pebble-toolchain/2.0/arm-cs-tools/bin/../lib/gcc/arm-none-eabi/4.7.2/thumb2/crtbegin.o

.rel.dyn        0x00000000000041f4        0x0
 .rel.iplt      0x0000000000000000        0x0 /usr/local/Cellar/pebble-toolchain/2.0/arm-cs-tools/bin/../lib/gcc/arm-none-eabi/4.7.2/thumb2/crtbegin.o

.ARM.exidx      0x00000000000041f4        0x8
 .ARM.exidx     0x00000000000041f4        0x8 /usr/local/Cellar/pebble-toolchain/2.0/arm-cs-tools/bin/../lib/gcc/arm-none-eabi/4.7.2/thumb2/libgcc.a(_divdi3.o)
 .ARM.exidx     0x00000000000041fc        0x0 /usr/local/Cellar/pebble-toolchain/2.0/arm-cs-tools/bin/../lib/gcc/arm-none-eabi/4.7.2/thumb2/libgcc.a(_udivdi3.o)
                                          0x8 (size before relaxing)

.data           0x00000000000041fc       0xae
 *(.data)
 .data          0x00000000000041fc        0x0 /usr/local/Cellar/pebble-toolchain/2.0/arm-cs-tools/bin/../lib/gcc/arm-none-eabi/4.7.2/thumb2/crti.o
 .data          0x00000000000041fc        0x4 /usr/local/Cellar/pebble-toolchain/2.0/arm-cs-tools/bin/../lib/gcc/arm-none-eabi/4.7.2/thumb2/crtbegin.o
                0x00000000000041fc                __dso_handle
 .data          0x0000000000004200        0x0 src/main.c.17.o
 .data          0x0000000000004200        0x0 src/simply/simply.c.17.o
 .data          0x0000000000004200        0x0 src/simply/simply_accel.c.17.o
 .data          0x0000000000004200        0x0 src/simply/simply_menu.c.17.o
 .data          0x0000000000004200        0x0 src/simply/simply_msg.c.17.o
 .data          0x0000000000004200        0x0 src/simply/simply_res.c.17.o
 .data          0x0000000000004200        0x0 src/simply/simply_splash.c.17.o
 .data          0x0000000000004200        0x0 src/simply/simply_stage.c.17.o
 .data          0x0000000000004200        0x0 src/simply/simply_ui.c.17.o
 .data          0x0000000000004200        0x0 src/simply/simply_voice.c.17.o
 .data          0x0000000000004200        0x0 src/simply/simply_wakeup.c.17.o
 .data          0x0000000000004200        0x0 src/simply/simply_window.c.17.o
 .data          0x0000000000004200        0x0 src/simply/simply_window_stack.c.17.o
 .data          0x0000000000004200        0x0 basalt/appinfo.auto.c.17.o
 .data          0x0000000000004200        0x0 /Users/cesleemontgomery/Library/Application Support/Pebble SDK/SDKs/current/sdk-core/pebble/basalt/lib/libpebble.a(tmpgdaLU3pebble.o)
 .data          0x0000000000004200        0x0 /usr/local/Cellar/pebble-toolchain/2.0/arm-cs-tools/bin/../lib/gcc/arm-none-eabi/4.7.2/thumb2/libgcc.a(_aeabi_ldivmod.o)
 .data          0x0000000000004200        0x0 /usr/local/Cellar/pebble-toolchain/2.0/arm-cs-tools/bin/../lib/gcc/arm-none-eabi/4.7.2/thumb2/libgcc.a(bpabi.o)
 .data          0x0000000000004200        0x0 /usr/local/Cellar/pebble-toolchain/2.0/arm-cs-tools/bin/../lib/gcc/arm-none-eabi/4.7.2/thumb2/libgcc.a(_dvmd_tls.o)
 .data          0x0000000000004200        0x0 /usr/local/Cellar/pebble-toolchain/2.0/arm-cs-tools/bin/../lib/gcc/arm-none-eabi/4.7.2/thumb2/libgcc.a(_divdi3.o)
 .data          0x0000000000004200        0x0 /usr/local/Cellar/pebble-toolchain/2.0/arm-cs-tools/bin/../lib/gcc/arm-none-eabi/4.7.2/thumb2/libgcc.a(_udivdi3.o)
 .data          0x0000000000004200        0x0 /usr/local/Cellar/pebble-toolchain/2.0/arm-cs-tools/bin/../lib/gcc/arm-none-eabi/4.7.2/thumb2/libgcc.a(_udivsi3.o)
 .data          0x0000000000004200        0x0 /usr/local/Cellar/pebble-toolchain/2.0/arm-cs-tools/bin/../lib/gcc/arm-none-eabi/4.7.2/thumb2/crtend.o
 .data          0x0000000000004200        0x0 /usr/local/Cellar/pebble-toolchain/2.0/arm-cs-tools/bin/../lib/gcc/arm-none-eabi/4.7.2/thumb2/crtn.o
 *(.data.*)
 .data.rel.ro.local.s_window_handlers.8302
                0x0000000000004200       0x10 src/simply/simply_menu.c.17.o
 .data.s_normal_palette
                0x0000000000004210        0x2 src/simply/simply_menu.c.17.o
 .data.s_inverted_palette
                0x0000000000004212        0x2 src/simply/simply_menu.c.17.o
 .data.rel.ro.implementation.8214
                0x0000000000004214       0x14 src/simply/simply_stage.c.17.o
 .data.rel.ro.local.s_window_handlers.8326
                0x0000000000004228       0x10 src/simply/simply_stage.c.17.o
 .data.rel.ro.local.s_window_handlers.8084
                0x0000000000004238       0x10 src/simply/simply_ui.c.17.o
 .data.rel.ro.local.STYLES
                0x0000000000004248       0x5f src/simply/simply_ui.c.17.o
 .data.s_button_palette
                0x00000000000042a7        0x2 src/simply/simply_window.c.17.o
 .data.s_broadcast_window
                0x00000000000042a9        0x1 src/simply/simply_window_stack.c.17.o

.igot.plt       0x00000000000042ac        0x0
 .igot.plt      0x0000000000000000        0x0 /usr/local/Cellar/pebble-toolchain/2.0/arm-cs-tools/bin/../lib/gcc/arm-none-eabi/4.7.2/thumb2/crtbegin.o

.bss            0x00000000000042ac      0x118
 *(.bss)
 *(.bss.*)
 .bss.s_accel   0x00000000000042ac        0x4 src/simply/simply_accel.c.17.o
 .bss.s_provider.7883
                0x00000000000042b0        0x4 src/simply/simply_menu.c.17.o
 .bss.s_has_communicated
                0x00000000000042b4        0x1 src/simply/simply_msg.c.17.o
 *fill*         0x00000000000042b5        0x3 
 .bss.s_msg     0x00000000000042b8        0x4 src/simply/simply_msg.c.17.o
 .bss.time_text.8112
                0x00000000000042bc      0x100 src/simply/simply_stage.c.17.o
 .bss.s_voice   0x00000000000043bc        0x4 src/simply/simply_voice.c.17.o
 .bss.s_provider.7896
                0x00000000000043c0        0x4 src/simply/simply_window.c.17.o

DISCARD
 libc.a(*)
 libm.a(*)
 libgcc.a(*)
 *(.eh_frame)
OUTPUT(/Users/cesleemontgomery/Documents/restfulapp/pebble/build/basalt/pebble-app.elf elf32-littlearm)

.ARM.attributes
                0x0000000000000000       0x27
 .ARM.attributes
                0x0000000000000000       0x19 /usr/local/Cellar/pebble-toolchain/2.0/arm-cs-tools/bin/../lib/gcc/arm-none-eabi/4.7.2/thumb2/crti.o
 .ARM.attributes
                0x0000000000000019       0x29 /usr/local/Cellar/pebble-toolchain/2.0/arm-cs-tools/bin/../lib/gcc/arm-none-eabi/4.7.2/thumb2/crtbegin.o
 .ARM.attributes
                0x0000000000000042       0x33 src/main.c.17.o
 .ARM.attributes
                0x0000000000000075       0x33 src/simply/simply.c.17.o
 .ARM.attributes
                0x00000000000000a8       0x33 src/simply/simply_accel.c.17.o
 .ARM.attributes
                0x00000000000000db       0x33 src/simply/simply_menu.c.17.o
 .ARM.attributes
                0x000000000000010e       0x33 src/simply/simply_msg.c.17.o
 .ARM.attributes
                0x0000000000000141       0x33 src/simply/simply_res.c.17.o
 .ARM.attributes
                0x0000000000000174       0x33 src/simply/simply_splash.c.17.o
 .ARM.attributes
                0x00000000000001a7       0x33 src/simply/simply_stage.c.17.o
 .ARM.attributes
                0x00000000000001da       0x33 src/simply/simply_ui.c.17.o
 .ARM.attributes
                0x000000000000020d       0x33 src/simply/simply_voice.c.17.o
 .ARM.attributes
                0x0000000000000240       0x33 src/simply/simply_wakeup.c.17.o
 .ARM.attributes
                0x0000000000000273       0x33 src/simply/simply_window.c.17.o
 .ARM.attributes
                0x00000000000002a6       0x33 src/simply/simply_window_stack.c.17.o
 .ARM.attributes
                0x00000000000002d9       0x33 basalt/appinfo.auto.c.17.o
 .ARM.attributes
                0x000000000000030c       0x21 /Users/cesleemontgomery/Library/Application Support/Pebble SDK/SDKs/current/sdk-core/pebble/basalt/lib/libpebble.a(tmpgdaLU3pebble.o)
 .ARM.attributes
                0x000000000000032d       0x19 /usr/local/Cellar/pebble-toolchain/2.0/arm-cs-tools/bin/../lib/gcc/arm-none-eabi/4.7.2/thumb2/libgcc.a(_aeabi_ldivmod.o)
 .ARM.attributes
                0x0000000000000346       0x29 /usr/local/Cellar/pebble-toolchain/2.0/arm-cs-tools/bin/../lib/gcc/arm-none-eabi/4.7.2/thumb2/libgcc.a(bpabi.o)
 .ARM.attributes
                0x000000000000036f       0x19 /usr/local/Cellar/pebble-toolchain/2.0/arm-cs-tools/bin/../lib/gcc/arm-none-eabi/4.7.2/thumb2/libgcc.a(_dvmd_tls.o)
 .ARM.attributes
                0x0000000000000388       0x29 /usr/local/Cellar/pebble-toolchain/2.0/arm-cs-tools/bin/../lib/gcc/arm-none-eabi/4.7.2/thumb2/libgcc.a(_divdi3.o)
 .ARM.attributes
                0x00000000000003b1       0x29 /usr/local/Cellar/pebble-toolchain/2.0/arm-cs-tools/bin/../lib/gcc/arm-none-eabi/4.7.2/thumb2/libgcc.a(_udivdi3.o)
 .ARM.attributes
                0x00000000000003da       0x19 /usr/local/Cellar/pebble-toolchain/2.0/arm-cs-tools/bin/../lib/gcc/arm-none-eabi/4.7.2/thumb2/libgcc.a(_udivsi3.o)
 .ARM.attributes
                0x00000000000003f3       0x29 /usr/local/Cellar/pebble-toolchain/2.0/arm-cs-tools/bin/../lib/gcc/arm-none-eabi/4.7.2/thumb2/crtend.o
 .ARM.attributes
                0x000000000000041c       0x19 /usr/local/Cellar/pebble-toolchain/2.0/arm-cs-tools/bin/../lib/gcc/arm-none-eabi/4.7.2/thumb2/crtn.o

.comment        0x0000000000000000       0x4e
 .comment       0x0000000000000000       0x4e /usr/local/Cellar/pebble-toolchain/2.0/arm-cs-tools/bin/../lib/gcc/arm-none-eabi/4.7.2/thumb2/crtbegin.o
                                         0x4f (size before relaxing)
 .comment       0x0000000000000000       0x4f src/main.c.17.o
 .comment       0x0000000000000000       0x4f src/simply/simply.c.17.o
 .comment       0x0000000000000000       0x4f src/simply/simply_accel.c.17.o
 .comment       0x0000000000000000       0x4f src/simply/simply_menu.c.17.o
 .comment       0x0000000000000000       0x4f src/simply/simply_msg.c.17.o
 .comment       0x0000000000000000       0x4f src/simply/simply_res.c.17.o
 .comment       0x0000000000000000       0x4f src/simply/simply_splash.c.17.o
 .comment       0x0000000000000000       0x4f src/simply/simply_stage.c.17.o
 .comment       0x0000000000000000       0x4f src/simply/simply_ui.c.17.o
 .comment       0x0000000000000000       0x4f src/simply/simply_voice.c.17.o
 .comment       0x0000000000000000       0x4f src/simply/simply_wakeup.c.17.o
 .comment       0x0000000000000000       0x4f src/simply/simply_window.c.17.o
 .comment       0x0000000000000000       0x4f src/simply/simply_window_stack.c.17.o
 .comment       0x0000000000000000       0x4f basalt/appinfo.auto.c.17.o
 .comment       0x0000000000000000       0x4f /usr/local/Cellar/pebble-toolchain/2.0/arm-cs-tools/bin/../lib/gcc/arm-none-eabi/4.7.2/thumb2/libgcc.a(bpabi.o)
 .comment       0x0000000000000000       0x4f /usr/local/Cellar/pebble-toolchain/2.0/arm-cs-tools/bin/../lib/gcc/arm-none-eabi/4.7.2/thumb2/libgcc.a(_divdi3.o)
 .comment       0x0000000000000000       0x4f /usr/local/Cellar/pebble-toolchain/2.0/arm-cs-tools/bin/../lib/gcc/arm-none-eabi/4.7.2/thumb2/libgcc.a(_udivdi3.o)
 .comment       0x0000000000000000       0x4f /usr/local/Cellar/pebble-toolchain/2.0/arm-cs-tools/bin/../lib/gcc/arm-none-eabi/4.7.2/thumb2/crtend.o

.debug_info     0x0000000000000000    0x163d0
 .debug_info    0x0000000000000000      0x256 src/main.c.17.o
 .debug_info    0x0000000000000256      0xd15 src/simply/simply.c.17.o
 .debug_info    0x0000000000000f6b      0xd6a src/simply/simply_accel.c.17.o
 .debug_info    0x0000000000001cd5     0x400d src/simply/simply_menu.c.17.o
 .debug_info    0x0000000000005ce2     0x24c4 src/simply/simply_msg.c.17.o
 .debug_info    0x00000000000081a6     0x13fe src/simply/simply_res.c.17.o
 .debug_info    0x00000000000095a4      0x8ee src/simply/simply_splash.c.17.o
 .debug_info    0x0000000000009e92     0x3fb7 src/simply/simply_stage.c.17.o
 .debug_info    0x000000000000de49     0x2611 src/simply/simply_ui.c.17.o
 .debug_info    0x000000000001045a      0xaae src/simply/simply_voice.c.17.o
 .debug_info    0x0000000000010f08      0xb95 src/simply/simply_wakeup.c.17.o
 .debug_info    0x0000000000011a9d     0x255d src/simply/simply_window.c.17.o
 .debug_info    0x0000000000013ffa     0x103e src/simply/simply_window_stack.c.17.o
 .debug_info    0x0000000000015038      0x31f basalt/appinfo.auto.c.17.o
 .debug_info    0x0000000000015357       0xb4 /usr/local/Cellar/pebble-toolchain/2.0/arm-cs-tools/bin/../lib/gcc/arm-none-eabi/4.7.2/thumb2/libgcc.a(_aeabi_ldivmod.o)
 .debug_info    0x000000000001540b      0x174 /usr/local/Cellar/pebble-toolchain/2.0/arm-cs-tools/bin/../lib/gcc/arm-none-eabi/4.7.2/thumb2/libgcc.a(bpabi.o)
 .debug_info    0x000000000001557f       0xb8 /usr/local/Cellar/pebble-toolchain/2.0/arm-cs-tools/bin/../lib/gcc/arm-none-eabi/4.7.2/thumb2/libgcc.a(_dvmd_tls.o)
 .debug_info    0x0000000000015637      0x68f /usr/local/Cellar/pebble-toolchain/2.0/arm-cs-tools/bin/../lib/gcc/arm-none-eabi/4.7.2/thumb2/libgcc.a(_divdi3.o)
 .debug_info    0x0000000000015cc6      0x652 /usr/local/Cellar/pebble-toolchain/2.0/arm-cs-tools/bin/../lib/gcc/arm-none-eabi/4.7.2/thumb2/libgcc.a(_udivdi3.o)
 .debug_info    0x0000000000016318       0xb8 /usr/local/Cellar/pebble-toolchain/2.0/arm-cs-tools/bin/../lib/gcc/arm-none-eabi/4.7.2/thumb2/libgcc.a(_udivsi3.o)

.debug_abbrev   0x0000000000000000     0x377a
 .debug_abbrev  0x0000000000000000      0x14d src/main.c.17.o
 .debug_abbrev  0x000000000000014d      0x28b src/simply/simply.c.17.o
 .debug_abbrev  0x00000000000003d8      0x354 src/simply/simply_accel.c.17.o
 .debug_abbrev  0x000000000000072c      0x5dc src/simply/simply_menu.c.17.o
 .debug_abbrev  0x0000000000000d08      0x58d src/simply/simply_msg.c.17.o
 .debug_abbrev  0x0000000000001295      0x461 src/simply/simply_res.c.17.o
 .debug_abbrev  0x00000000000016f6      0x2ca src/simply/simply_splash.c.17.o
 .debug_abbrev  0x00000000000019c0      0x5c0 src/simply/simply_stage.c.17.o
 .debug_abbrev  0x0000000000001f80      0x52a src/simply/simply_ui.c.17.o
 .debug_abbrev  0x00000000000024aa      0x2e9 src/simply/simply_voice.c.17.o
 .debug_abbrev  0x0000000000002793      0x30b src/simply/simply_wakeup.c.17.o
 .debug_abbrev  0x0000000000002a9e      0x4cd src/simply/simply_window.c.17.o
 .debug_abbrev  0x0000000000002f6b      0x3e2 src/simply/simply_window_stack.c.17.o
 .debug_abbrev  0x000000000000334d       0x9e basalt/appinfo.auto.c.17.o
 .debug_abbrev  0x00000000000033eb       0x14 /usr/local/Cellar/pebble-toolchain/2.0/arm-cs-tools/bin/../lib/gcc/arm-none-eabi/4.7.2/thumb2/libgcc.a(_aeabi_ldivmod.o)
 .debug_abbrev  0x00000000000033ff       0xb7 /usr/local/Cellar/pebble-toolchain/2.0/arm-cs-tools/bin/../lib/gcc/arm-none-eabi/4.7.2/thumb2/libgcc.a(bpabi.o)
 .debug_abbrev  0x00000000000034b6       0x14 /usr/local/Cellar/pebble-toolchain/2.0/arm-cs-tools/bin/../lib/gcc/arm-none-eabi/4.7.2/thumb2/libgcc.a(_dvmd_tls.o)
 .debug_abbrev  0x00000000000034ca      0x151 /usr/local/Cellar/pebble-toolchain/2.0/arm-cs-tools/bin/../lib/gcc/arm-none-eabi/4.7.2/thumb2/libgcc.a(_divdi3.o)
 .debug_abbrev  0x000000000000361b      0x14b /usr/local/Cellar/pebble-toolchain/2.0/arm-cs-tools/bin/../lib/gcc/arm-none-eabi/4.7.2/thumb2/libgcc.a(_udivdi3.o)
 .debug_abbrev  0x0000000000003766       0x14 /usr/local/Cellar/pebble-toolchain/2.0/arm-cs-tools/bin/../lib/gcc/arm-none-eabi/4.7.2/thumb2/libgcc.a(_udivsi3.o)

.debug_loc      0x0000000000000000     0x9e03
 .debug_loc     0x0000000000000000       0x3e src/main.c.17.o
 .debug_loc     0x000000000000003e       0x7c src/simply/simply.c.17.o
 .debug_loc     0x00000000000000ba      0x4dc src/simply/simply_accel.c.17.o
 .debug_loc     0x0000000000000596     0x1d44 src/simply/simply_menu.c.17.o
 .debug_loc     0x00000000000022da      0xbc5 src/simply/simply_msg.c.17.o
 .debug_loc     0x0000000000002e9f      0xc9e src/simply/simply_res.c.17.o
 .debug_loc     0x0000000000003b3d      0x1ec src/simply/simply_splash.c.17.o
 .debug_loc     0x0000000000003d29     0x1629 src/simply/simply_stage.c.17.o
 .debug_loc     0x0000000000005352     0x109b src/simply/simply_ui.c.17.o
 .debug_loc     0x00000000000063ed      0x3a4 src/simply/simply_voice.c.17.o
 .debug_loc     0x0000000000006791      0x340 src/simply/simply_wakeup.c.17.o
 .debug_loc     0x0000000000006ad1      0xd85 src/simply/simply_window.c.17.o
 .debug_loc     0x0000000000007856      0x6aa src/simply/simply_window_stack.c.17.o
 .debug_loc     0x0000000000007f00       0xe0 /usr/local/Cellar/pebble-toolchain/2.0/arm-cs-tools/bin/../lib/gcc/arm-none-eabi/4.7.2/thumb2/libgcc.a(bpabi.o)
 .debug_loc     0x0000000000007fe0      0xebd /usr/local/Cellar/pebble-toolchain/2.0/arm-cs-tools/bin/../lib/gcc/arm-none-eabi/4.7.2/thumb2/libgcc.a(_divdi3.o)
 .debug_loc     0x0000000000008e9d      0xf66 /usr/local/Cellar/pebble-toolchain/2.0/arm-cs-tools/bin/../lib/gcc/arm-none-eabi/4.7.2/thumb2/libgcc.a(_udivdi3.o)

.debug_aranges  0x0000000000000000      0x748
 .debug_aranges
                0x0000000000000000       0x20 src/main.c.17.o
 .debug_aranges
                0x0000000000000020       0x28 src/simply/simply.c.17.o
 .debug_aranges
                0x0000000000000048       0x50 src/simply/simply_accel.c.17.o
 .debug_aranges
                0x0000000000000098      0x128 src/simply/simply_menu.c.17.o
 .debug_aranges
                0x00000000000001c0       0x88 src/simply/simply_msg.c.17.o
 .debug_aranges
                0x0000000000000248       0xa8 src/simply/simply_res.c.17.o
 .debug_aranges
                0x00000000000002f0       0x40 src/simply/simply_splash.c.17.o
 .debug_aranges
                0x0000000000000330       0xe8 src/simply/simply_stage.c.17.o
 .debug_aranges
                0x0000000000000418       0x90 src/simply/simply_ui.c.17.o
 .debug_aranges
                0x00000000000004a8       0x50 src/simply/simply_voice.c.17.o
 .debug_aranges
                0x00000000000004f8       0x38 src/simply/simply_wakeup.c.17.o
 .debug_aranges
                0x0000000000000530       0xd0 src/simply/simply_window.c.17.o
 .debug_aranges
                0x0000000000000600       0x70 src/simply/simply_window_stack.c.17.o
 .debug_aranges
                0x0000000000000670       0x18 basalt/appinfo.auto.c.17.o
 .debug_aranges
                0x0000000000000688       0x20 /usr/local/Cellar/pebble-toolchain/2.0/arm-cs-tools/bin/../lib/gcc/arm-none-eabi/4.7.2/thumb2/libgcc.a(_aeabi_ldivmod.o)
 .debug_aranges
                0x00000000000006a8       0x20 /usr/local/Cellar/pebble-toolchain/2.0/arm-cs-tools/bin/../lib/gcc/arm-none-eabi/4.7.2/thumb2/libgcc.a(bpabi.o)
 .debug_aranges
                0x00000000000006c8       0x20 /usr/local/Cellar/pebble-toolchain/2.0/arm-cs-tools/bin/../lib/gcc/arm-none-eabi/4.7.2/thumb2/libgcc.a(_dvmd_tls.o)
 .debug_aranges
                0x00000000000006e8       0x20 /usr/local/Cellar/pebble-toolchain/2.0/arm-cs-tools/bin/../lib/gcc/arm-none-eabi/4.7.2/thumb2/libgcc.a(_divdi3.o)
 .debug_aranges
                0x0000000000000708       0x20 /usr/local/Cellar/pebble-toolchain/2.0/arm-cs-tools/bin/../lib/gcc/arm-none-eabi/4.7.2/thumb2/libgcc.a(_udivdi3.o)
 .debug_aranges
                0x0000000000000728       0x20 /usr/local/Cellar/pebble-toolchain/2.0/arm-cs-tools/bin/../lib/gcc/arm-none-eabi/4.7.2/thumb2/libgcc.a(_udivsi3.o)

.debug_ranges   0x0000000000000000     0x11e8
 .debug_ranges  0x0000000000000000       0x10 src/main.c.17.o
 .debug_ranges  0x0000000000000010       0x18 src/simply/simply.c.17.o
 .debug_ranges  0x0000000000000028       0x88 src/simply/simply_accel.c.17.o
 .debug_ranges  0x00000000000000b0      0x310 src/simply/simply_menu.c.17.o
 .debug_ranges  0x00000000000003c0      0x350 src/simply/simply_msg.c.17.o
 .debug_ranges  0x0000000000000710       0xe0 src/simply/simply_res.c.17.o
 .debug_ranges  0x00000000000007f0       0x30 src/simply/simply_splash.c.17.o
 .debug_ranges  0x0000000000000820      0x398 src/simply/simply_stage.c.17.o
 .debug_ranges  0x0000000000000bb8      0x1d0 src/simply/simply_ui.c.17.o
 .debug_ranges  0x0000000000000d88       0x40 src/simply/simply_voice.c.17.o
 .debug_ranges  0x0000000000000dc8       0x58 src/simply/simply_wakeup.c.17.o
 .debug_ranges  0x0000000000000e20      0x108 src/simply/simply_window.c.17.o
 .debug_ranges  0x0000000000000f28       0xc0 src/simply/simply_window_stack.c.17.o
 .debug_ranges  0x0000000000000fe8      0x108 /usr/local/Cellar/pebble-toolchain/2.0/arm-cs-tools/bin/../lib/gcc/arm-none-eabi/4.7.2/thumb2/libgcc.a(_divdi3.o)
 .debug_ranges  0x00000000000010f0       0xf8 /usr/local/Cellar/pebble-toolchain/2.0/arm-cs-tools/bin/../lib/gcc/arm-none-eabi/4.7.2/thumb2/libgcc.a(_udivdi3.o)

.debug_line     0x0000000000000000     0x3ee9
 .debug_line    0x0000000000000000       0xd2 src/main.c.17.o
 .debug_line    0x00000000000000d2      0x2fd src/simply/simply.c.17.o
 .debug_line    0x00000000000003cf      0x2fa src/simply/simply_accel.c.17.o
 .debug_line    0x00000000000006c9      0x91d src/simply/simply_menu.c.17.o
 .debug_line    0x0000000000000fe6      0x54a src/simply/simply_msg.c.17.o
 .debug_line    0x0000000000001530      0x4d6 src/simply/simply_res.c.17.o
 .debug_line    0x0000000000001a06      0x29d src/simply/simply_splash.c.17.o
 .debug_line    0x0000000000001ca3      0x7ab src/simply/simply_stage.c.17.o
 .debug_line    0x000000000000244e      0x617 src/simply/simply_ui.c.17.o